---
source: crates/common/src/instrument/config.rs
expression: config
---
[
  {
    "channel": "Right",
    "nodes": [
      {
        "key": [
          0,
          0
        ],
        "frequency": 120.09213030841954,
        "l": 24.0,
        "phase": 0.0,
        "divisions": 3,
        "cents": 0.0
      },
      {
        "key": [
          0,
          1
        ],
        "frequency": 151.30660290229588,
        "l": 73.92016457157322,
        "phase": 0.1061032953945969,
        "divisions": 3,
        "cents": 400.00000000000006
      },
      {
        "key": [
          0,
          2
        ],
        "frequency": 190.63437398468727,
        "l": 123.84032914314645,
        "phase": 0.2122065907891938,
        "divisions": 3,
        "cents": 800.0000000000001
      }
    ]
  },
  {
    "channel": "Left",
    "nodes": [
      {
        "key": [
          1,
          0
        ],
        "frequency": 240.00965156191597,
        "l": 196.50892313974038,
        "phase": 0.3183098861837907,
        "divisions": 3,
        "cents": 0.0
      },
      {
        "key": [
          1,
          1
        ],
        "frequency": 302.39321218079186,
        "l": 246.4290877113136,
        "phase": 0.4244131815783876,
        "divisions": 3,
        "cents": 400.00000000000006
      },
      {
        "key": [
          1,
          2
        ],
        "frequency": 380.9915733719064,
        "l": 296.3492522828868,
        "phase": 0.5305164769729844,
        "divisions": 3,
        "cents": 799.9999999999998
      }
    ]
  }
]
