---
source: crates/common/src/instrument/config.rs
expression: config
---
[
  [
    {
      "channel": "Right",
      "nodes": [
        {
          "key": [
            0,
            0
          ],
          "frequency": 120.00992411684302,
          "l": 278.53805444266334,
          "phase": 0.0,
          "divisions": 3,
          "cents": 0.0
        },
        {
          "key": [
            0,
            1
          ],
          "frequency": 151.20302959109694,
          "l": 315.64762146065016,
          "phase": 0.16666666666666666,
          "divisions": 3,
          "cents": 400.00000000000006
        },
        {
          "key": [
            0,
            2
          ],
          "frequency": 190.5038797897004,
          "l": 352.757188478637,
          "phase": 0.3333333333333333,
          "divisions": 3,
          "cents": 799.9999999999998
        }
      ]
    },
    {
      "channel": "Left",
      "nodes": [
        {
          "key": [
            1,
            0
          ],
          "frequency": 240.01984823368605,
          "l": 409.0667554966238,
          "phase": 0.5,
          "divisions": 3,
          "cents": 0.0
        },
        {
          "key": [
            1,
            1
          ],
          "frequency": 302.40605918219387,
          "l": 446.17632251461055,
          "phase": 0.6666666666666666,
          "divisions": 3,
          "cents": 400.00000000000006
        },
        {
          "key": [
            1,
            2
          ],
          "frequency": 381.0077595794008,
          "l": 483.28588953259737,
          "phase": 0.8333333333333333,
          "divisions": 3,
          "cents": 799.9999999999998
        }
      ]
    }
  ],
  "Yo"
]
