---
source: crates/common/src/instrument/layout.rs
expression: layout
---
{
  "space": [
    393.0,
    873.0
  ],
  "orientation": "Vertical",
  "left_string_position": [
    [
      162.74859126156875,
      0.0
    ],
    [
      162.74859126156875,
      873.0
    ]
  ],
  "right_string_position": [
    [
      230.25140873843125,
      0.0
    ],
    [
      230.25140873843125,
      873.0
    ]
  ],
  "instrument_breadth": 67.50281747686249,
  "key_radius": 22.786832332088288,
  "key_band_length": 162.74859126156875,
  "key_band_breadth": 53.573664664176576,
  "safe_area_padding": {
    "top": 0.0,
    "right": 0.0,
    "bottom": 0.0,
    "left": 0.0
  },
  "key_bands_gap": 16.0,
  "groups_gap": 19.2,
  "num_keys_per_group": 3,
  "num_groups": 2,
  "first_group_channel": "Right",
  "scale": "In"
}
