---
source: crates/common/src/instrument/config.rs
expression: config
---
[
  {
    "channel": "Left",
    "nodes": [
      {
        "key": [
          0,
          0
        ],
        "frequency": 99.62807297312229,
        "l": 269.6615768867065,
        "phase": 0.0,
        "divisions": 3,
        "cents": 491.4810826274373
      },
      {
        "key": [
          0,
          1
        ],
        "frequency": 119.73493216963602,
        "l": 314.13127451015896,
        "phase": 0.1061032953945969,
        "divisions": 3,
        "cents": 809.7449505626737
      },
      {
        "key": [
          0,
          2
        ],
        "frequency": 150.0097897542063,
        "l": 358.60097213361144,
        "phase": 0.2122065907891938,
        "divisions": 3,
        "cents": 1200.0
      }
    ]
  },
  {
    "channel": "Right",
    "nodes": [
      {
        "key": [
          1,
          0
        ],
        "frequency": 199.25961993884547,
        "l": 423.33534209180175,
        "phase": 0.3183098861837907,
        "divisions": 3,
        "cents": 491.4810826274373
      },
      {
        "key": [
          1,
          1
        ],
        "frequency": 239.47403945032272,
        "l": 467.8050397152542,
        "phase": 0.4244131815783876,
        "divisions": 3,
        "cents": 809.7449505626737
      },
      {
        "key": [
          1,
          2
        ],
        "frequency": 300.0248102921076,
        "l": 512.2747373387067,
        "phase": 0.5305164769729844,
        "divisions": 3,
        "cents": 1200.0
      }
    ]
  }
]
