---
source: crates/common/src/instrument/layout.rs
expression: layout
---
{
  "space": [
    810.0,
    1080.0
  ],
  "orientation": "Vertical",
  "left_string_position": [
    [
      351.84375,
      0.0
    ],
    [
      351.84375,
      1080.0
    ]
  ],
  "right_string_position": [
    [
      458.15625,
      0.0
    ],
    [
      458.15625,
      1080.0
    ]
  ],
  "instrument_breadth": 106.3125,
  "key_radius": 34.12264413753107,
  "key_band_length": 351.84375,
  "key_band_breadth": 84.375,
  "safe_area_padding": {
    "top": 0.0,
    "right": 0.0,
    "bottom": 0.0,
    "left": 0.0
  },
  "key_bands_gap": 20.891414778080243,
  "groups_gap": 25.06969773369629,
  "num_keys_per_group": 3,
  "num_groups": 2,
  "first_group_channel": "Right",
  "scale": "In"
}
