---
source: crates/common/src/instrument/layout.rs
expression: layout
---
{
  "space": [
    1366.0,
    768.0
  ],
  "orientation": "Horizontal",
  "left_string_position": [
    [
      0.0,
      335.72660987774816
    ],
    [
      1366.0,
      335.72660987774816
    ]
  ],
  "right_string_position": [
    [
      0.0,
      432.27339012225184
    ],
    [
      1366.0,
      432.27339012225184
    ]
  ],
  "instrument_breadth": 96.54678024450374,
  "key_radius": 34.312214382739576,
  "key_band_length": 317.72660987774816,
  "key_band_breadth": 76.62442876547915,
  "safe_area_padding": {
    "top": 18.0,
    "right": 18.0,
    "bottom": 18.0,
    "left": 18.0
  },
  "key_bands_gap": 21.00747819351403,
  "bands_gap": 25.208973832216834,
  "num_keys_per_band": 3,
  "num_bands": 2,
  "first_band_channel": "Right",
  "scale": "Yo"
}
