---
source: crates/common/src/instrument/config.rs
expression: config
---
[
  [
    {
      "channel": "Right",
      "nodes": [
        {
          "key": [
            0,
            0
          ],
          "frequency": 120.0538516146896,
          "l": 352.6689032061434,
          "phase": 0.0,
          "divisions": 3,
          "cents": 0.0
        },
        {
          "key": [
            0,
            1
          ],
          "frequency": 151.25837477030305,
          "l": 407.988595782397,
          "phase": 0.16666666666666666,
          "divisions": 3,
          "cents": 400.00000000000006
        },
        {
          "key": [
            0,
            2
          ],
          "frequency": 190.5736103459924,
          "l": 463.3082883586506,
          "phase": 0.3333333333333333,
          "divisions": 3,
          "cents": 799.9999999999998
        }
      ]
    },
    {
      "channel": "Left",
      "nodes": [
        {
          "key": [
            1,
            0
          ],
          "frequency": 240.1077032293792,
          "l": 543.836954767121,
          "phase": 0.5,
          "divisions": 3,
          "cents": 0.0
        },
        {
          "key": [
            1,
            1
          ],
          "frequency": 302.5167495406061,
          "l": 599.1566473433746,
          "phase": 0.6666666666666666,
          "divisions": 3,
          "cents": 400.00000000000006
        },
        {
          "key": [
            1,
            2
          ],
          "frequency": 381.1472206919848,
          "l": 654.4763399196282,
          "phase": 0.8333333333333333,
          "divisions": 3,
          "cents": 799.9999999999998
        }
      ]
    }
  ],
  "Yo"
]
