---
source: crates/common/src/instrument/layout.rs
expression: layout
---
{
  "space": [
    414.0,
    896.0
  ],
  "orientation": "Vertical",
  "left_string_position": [
    [
      167.88285272131895,
      0.0
    ],
    [
      167.88285272131895,
      896.0
    ]
  ],
  "right_string_position": [
    [
      246.11714727868105,
      0.0
    ],
    [
      246.11714727868105,
      896.0
    ]
  ],
  "instrument_breadth": 78.23429455736206,
  "key_radius": 27.045354983080184,
  "key_band_length": 167.88285272131895,
  "key_band_breadth": 62.09070996616037,
  "safe_area_padding": {
    "top": 24.0,
    "right": 0.0,
    "bottom": 16.0,
    "left": 0.0
  },
  "key_bands_gap": 16.558380601885826,
  "groups_gap": 19.87005672226299,
  "num_keys_per_group": 3,
  "num_groups": 2,
  "first_group_channel": "Right",
  "scale": "In"
}
