---
source: crates/common/src/instrument/config.rs
expression: config
---
[
  [
    {
      "channel": "Right",
      "nodes": [
        {
          "key": [
            0,
            0
          ],
          "frequency": 120.03336355514709,
          "l": 331.6946645096149,
          "phase": 0.0,
          "divisions": 3,
          "cents": 0.0
        },
        {
          "key": [
            0,
            1
          ],
          "frequency": 151.23256143281392,
          "l": 383.4486310450418,
          "phase": 0.16666666666666666,
          "divisions": 3,
          "cents": 400.00000000000006
        },
        {
          "key": [
            0,
            2
          ],
          "frequency": 190.5410875787218,
          "l": 435.2025975804687,
          "phase": 0.3333333333333333,
          "divisions": 3,
          "cents": 799.9999999999997
        }
      ]
    },
    {
      "channel": "Left",
      "nodes": [
        {
          "key": [
            1,
            0
          ],
          "frequency": 240.0738816628857,
          "l": 510.54065013203956,
          "phase": 0.5,
          "divisions": 3,
          "cents": 0.0
        },
        {
          "key": [
            1,
            1
          ],
          "frequency": 302.47413703704046,
          "l": 562.2946166674665,
          "phase": 0.6666666666666666,
          "divisions": 3,
          "cents": 399.9999999999997
        },
        {
          "key": [
            1,
            2
          ],
          "frequency": 381.0935323017538,
          "l": 614.0485832028934,
          "phase": 0.8333333333333333,
          "divisions": 3,
          "cents": 799.9999999999998
        }
      ]
    }
  ],
  "Yo"
]
