---
source: crates/common/src/instrument/layout.rs
expression: layout
---
{
  "space": [
    1280.0,
    800.0
  ],
  "orientation": "Horizontal",
  "left_string_position": [
    [
      0.0,
      347.5
    ],
    [
      1280.0,
      347.5
    ]
  ],
  "right_string_position": [
    [
      0.0,
      452.5
    ],
    [
      1280.0,
      452.5
    ]
  ],
  "instrument_breadth": 105.0,
  "key_radius": 32.01630807965878,
  "key_band_length": 347.5,
  "key_band_breadth": 83.33333333333333,
  "safe_area_padding": {
    "top": 0.0,
    "right": 0.0,
    "bottom": 0.0,
    "left": 0.0
  },
  "key_bands_gap": 19.601821273260477,
  "groups_gap": 23.522185527912573,
  "num_keys_per_group": 3,
  "num_groups": 2,
  "first_group_channel": "Right",
  "scale": "In"
}
