---
source: crates/common/src/instrument/config.rs
expression: config
---
[
  [
    {
      "channel": "Right",
      "nodes": [
        {
          "key": [
            0,
            0
          ],
          "frequency": 120.06077577960441,
          "l": 225.80009602857933,
          "phase": 0.0,
          "divisions": 3,
          "cents": 0.0
        },
        {
          "key": [
            0,
            1
          ],
          "frequency": 151.26709867143217,
          "l": 269.7434245698146,
          "phase": 0.16666666666666666,
          "divisions": 3,
          "cents": 400.00000000000006
        },
        {
          "key": [
            0,
            2
          ],
          "frequency": 190.58460177266215,
          "l": 313.6867531110498,
          "phase": 0.3333333333333333,
          "divisions": 3,
          "cents": 799.9999999999998
        }
      ]
    },
    {
      "channel": "Left",
      "nodes": [
        {
          "key": [
            1,
            0
          ],
          "frequency": 240.12155155920883,
          "l": 377.6548895951264,
          "phase": 0.5,
          "divisions": 3,
          "cents": 0.0
        },
        {
          "key": [
            1,
            1
          ],
          "frequency": 302.53419734286433,
          "l": 421.59821813636165,
          "phase": 0.6666666666666666,
          "divisions": 3,
          "cents": 400.00000000000006
        },
        {
          "key": [
            1,
            2
          ],
          "frequency": 381.1692035453243,
          "l": 465.5415466775969,
          "phase": 0.8333333333333333,
          "divisions": 3,
          "cents": 799.9999999999998
        }
      ]
    }
  ],
  "Yo"
]
