---
source: crates/common/src/instrument/config.rs
expression: cases
---
[
  {
    "layout_space_x": 1920.0,
    "layout_space_y": 1080.0,
    "layout_scale": "In",
    "harmonics": 7,
    "gamma": 0.143962
  },
  {
    "layout_space_x": 1366.0,
    "layout_space_y": 768.0,
    "layout_scale": "Yo",
    "harmonics": 5,
    "gamma": 0.14655
  },
  {
    "layout_space_x": 1536.0,
    "layout_space_y": 864.0,
    "layout_scale": "In",
    "harmonics": 6,
    "gamma": 0.145676
  },
  {
    "layout_space_x": 1280.0,
    "layout_space_y": 720.0,
    "layout_scale": "Yo",
    "harmonics": 5,
    "gamma": 0.146551
  },
  {
    "layout_space_x": 1440.0,
    "layout_space_y": 900.0,
    "layout_scale": "In",
    "harmonics": 6,
    "gamma": 0.145676
  },
  {
    "layout_space_x": 1600.0,
    "layout_space_y": 900.0,
    "layout_scale": "Yo",
    "harmonics": 6,
    "gamma": 0.139343
  },
  {
    "layout_space_x": 360.0,
    "layout_space_y": 800.0,
    "layout_scale": "In",
    "harmonics": 5,
    "gamma": 0.150474
  },
  {
    "layout_space_x": 390.0,
    "layout_space_y": 844.0,
    "layout_scale": "Yo",
    "harmonics": 5,
    "gamma": 0.14655
  },
  {
    "layout_space_x": 393.0,
    "layout_space_y": 873.0,
    "layout_scale": "In",
    "harmonics": 5,
    "gamma": 0.150469
  },
  {
    "layout_space_x": 412.0,
    "layout_space_y": 915.0,
    "layout_scale": "Yo",
    "harmonics": 5,
    "gamma": 0.14655
  },
  {
    "layout_space_x": 414.0,
    "layout_space_y": 896.0,
    "layout_scale": "In",
    "harmonics": 5,
    "gamma": 0.150476
  },
  {
    "layout_space_x": 768.0,
    "layout_space_y": 1024.0,
    "layout_scale": "Yo",
    "harmonics": 5,
    "gamma": 0.14655
  },
  {
    "layout_space_x": 810.0,
    "layout_space_y": 1080.0,
    "layout_scale": "In",
    "harmonics": 5,
    "gamma": 0.150469
  },
  {
    "layout_space_x": 820.0,
    "layout_space_y": 1180.0,
    "layout_scale": "Yo",
    "harmonics": 5,
    "gamma": 0.14655
  },
  {
    "layout_space_x": 1280.0,
    "layout_space_y": 800.0,
    "layout_scale": "In",
    "harmonics": 5,
    "gamma": 0.15047
  },
  {
    "layout_space_x": 800.0,
    "layout_space_y": 1280.0,
    "layout_scale": "Yo",
    "harmonics": 5,
    "gamma": 0.146551
  }
]
