---
source: crates/common/src/instrument/config.rs
expression: config
---
[
  [
    {
      "channel": "Right",
      "nodes": [
        {
          "key": [
            0,
            0
          ],
          "frequency": 159.4522,
          "phase": 0.0,
          "cents": 491.4811,
          "l_mm": 400.0056,
          "w_kg": 0.4,
          "v_cm3": 200.0
        },
        {
          "key": [
            0,
            1
          ],
          "frequency": 191.6327,
          "phase": 0.1667,
          "cents": 809.745,
          "l_mm": 292.0676,
          "w_kg": 0.2428,
          "v_cm3": 77.8542
        },
        {
          "key": [
            0,
            2
          ],
          "frequency": 240.0868,
          "phase": 0.3333,
          "cents": 1200.0,
          "l_mm": 148.38,
          "w_kg": 0.1316,
          "v_cm3": 10.2084
        }
      ]
    },
    {
      "channel": "Left",
      "nodes": [
        {
          "key": [
            1,
            0
          ],
          "frequency": 319.0003,
          "phase": 0.5,
          "cents": 491.4811,
          "l_mm": 53.9171,
          "w_kg": 0.0608,
          "v_cm3": 0.4898
        },
        {
          "key": [
            1,
            1
          ],
          "frequency": 383.3807,
          "phase": 0.6667,
          "cents": 809.745,
          "l_mm": 30.4516,
          "w_kg": 0.0369,
          "v_cm3": 0.0882
        },
        {
          "key": [
            1,
            2
          ],
          "frequency": 480.3182,
          "phase": 0.8333,
          "cents": 1200.0,
          "l_mm": 20.0003,
          "w_kg": 0.02,
          "v_cm3": 0.025
        }
      ]
    }
  ],
  "In"
]
