---
source: crates/common/src/instrument/config.rs
expression: config
---
[
  [
    {
      "channel": "Right",
      "nodes": [
        {
          "key": [
            0,
            0
          ],
          "frequency": 120.08102004345253,
          "l": 251.75803851583458,
          "phase": 0.0,
          "divisions": 3,
          "cents": 0.0
        },
        {
          "key": [
            0,
            1
          ],
          "frequency": 151.292604845594,
          "l": 287.85171987760805,
          "phase": 0.16666666666666666,
          "divisions": 3,
          "cents": 400.00000000000006
        },
        {
          "key": [
            0,
            2
          ],
          "frequency": 190.61673753839096,
          "l": 323.9454012393815,
          "phase": 0.3333333333333333,
          "divisions": 3,
          "cents": 799.9999999999998
        }
      ]
    },
    {
      "channel": "Left",
      "nodes": [
        {
          "key": [
            1,
            0
          ],
          "frequency": 240.16204008690505,
          "l": 379.23908260115496,
          "phase": 0.5,
          "divisions": 3,
          "cents": 0.0
        },
        {
          "key": [
            1,
            1
          ],
          "frequency": 302.585209691188,
          "l": 415.3327639629284,
          "phase": 0.6666666666666666,
          "divisions": 3,
          "cents": 400.00000000000006
        },
        {
          "key": [
            1,
            2
          ],
          "frequency": 381.23347507678193,
          "l": 451.4264453247019,
          "phase": 0.8333333333333333,
          "divisions": 3,
          "cents": 799.9999999999998
        }
      ]
    }
  ],
  "Yo"
]
