---
source: crates/common/src/instrument/layout.rs
expression: layout
---
{
  "space": [
    800.0,
    1280.0
  ],
  "orientation": "Vertical",
  "left_string_position": [
    [
      347.5,
      0.0
    ],
    [
      347.5,
      1280.0
    ]
  ],
  "right_string_position": [
    [
      452.5,
      0.0
    ],
    [
      452.5,
      1280.0
    ]
  ],
  "instrument_breadth": 105.0,
  "key_radius": 23.494641643945616,
  "key_band_length": 347.5,
  "key_band_breadth": 83.33333333333333,
  "safe_area_padding": {
    "top": 24.0,
    "right": 0.0,
    "bottom": 20.0,
    "left": 0.0
  },
  "key_bands_gap": 16.0,
  "groups_gap": 19.2,
  "num_keys_per_group": 5,
  "num_groups": 2,
  "first_group_channel": "Left",
  "scale": "Yo"
}
