---
source: crates/common/src/instrument/layout.rs
expression: layout
---
{
  "space": [
    360.0,
    800.0
  ],
  "orientation": "Vertical",
  "left_string_position": [
    [
      153.22941496069078,
      0.0
    ],
    [
      153.22941496069078,
      800.0
    ]
  ],
  "right_string_position": [
    [
      206.77058503930922,
      0.0
    ],
    [
      206.77058503930922,
      800.0
    ]
  ],
  "instrument_breadth": 53.54117007861843,
  "key_radius": 17.24649606294382,
  "key_band_length": 153.22941496069078,
  "key_band_breadth": 42.49299212588764,
  "safe_area_padding": {
    "top": 44.0,
    "right": 0.0,
    "bottom": 34.0,
    "left": 0.0
  },
  "key_bands_gap": 16.0,
  "groups_gap": 19.2,
  "num_keys_per_group": 3,
  "num_groups": 2,
  "first_group_channel": "Right",
  "scale": "In"
}
