---
source: crates/common/src/instrument/config.rs
expression: config
---
[
  [
    {
      "channel": "Right",
      "nodes": [
        {
          "key": [
            0,
            0
          ],
          "frequency": 149.3741,
          "phase": 0.0,
          "cents": 378.9311,
          "l_mm": 400.0056,
          "w_kg": 0.4,
          "v_cm3": 200.0
        },
        {
          "key": [
            0,
            1
          ],
          "frequency": 164.9476,
          "phase": 0.1,
          "cents": 550.6245,
          "l_mm": 352.7845,
          "w_kg": 0.3101,
          "v_cm3": 137.2019
        },
        {
          "key": [
            0,
            2
          ],
          "frequency": 184.1464,
          "phase": 0.2,
          "cents": 741.2392,
          "l_mm": 282.2904,
          "w_kg": 0.2338,
          "v_cm3": 70.2943
        },
        {
          "key": [
            0,
            3
          ],
          "frequency": 208.4031,
          "phase": 0.3,
          "cents": 955.4679,
          "l_mm": 202.7119,
          "w_kg": 0.1702,
          "v_cm3": 26.0297
        },
        {
          "key": [
            0,
            4
          ],
          "frequency": 240.0198,
          "phase": 0.4,
          "cents": 1200.0,
          "l_mm": 129.641,
          "w_kg": 0.1184,
          "v_cm3": 6.8086
        }
      ]
    },
    {
      "channel": "Left",
      "nodes": [
        {
          "key": [
            1,
            0
          ],
          "frequency": 298.7481,
          "phase": 0.5,
          "cents": 378.9311,
          "l_mm": 61.7106,
          "w_kg": 0.0675,
          "v_cm3": 0.7344
        },
        {
          "key": [
            1,
            1
          ],
          "frequency": 329.8951,
          "phase": 0.6,
          "cents": 550.6245,
          "l_mm": 44.8191,
          "w_kg": 0.0524,
          "v_cm3": 0.2813
        },
        {
          "key": [
            1,
            2
          ],
          "frequency": 368.2928,
          "phase": 0.7,
          "cents": 741.2392,
          "l_mm": 32.6029,
          "w_kg": 0.0395,
          "v_cm3": 0.1083
        },
        {
          "key": [
            1,
            3
          ],
          "frequency": 416.8063,
          "phase": 0.8,
          "cents": 955.4679,
          "l_mm": 24.4639,
          "w_kg": 0.0287,
          "v_cm3": 0.0458
        },
        {
          "key": [
            1,
            4
          ],
          "frequency": 480.0397,
          "phase": 0.9,
          "cents": 1200.0,
          "l_mm": 20.0003,
          "w_kg": 0.02,
          "v_cm3": 0.025
        }
      ]
    }
  ],
  "In"
]
