---
source: crates/common/src/instrument/config.rs
expression: config
---
[
  [
    {
      "channel": "Right",
      "nodes": [
        {
          "key": [
            0,
            0
          ],
          "frequency": 145.45043084821924,
          "l": 496.91249999999997,
          "phase": 0.0,
          "divisions": 7,
          "cents": 332.848628112806
        },
        {
          "key": [
            0,
            1
          ],
          "frequency": 155.673139671124,
          "l": 533.5401438056427,
          "phase": 0.07142857142857142,
          "divisions": 7,
          "cents": 450.43959072522955
        },
        {
          "key": [
            0,
            2
          ],
          "frequency": 167.44144541916714,
          "l": 570.1677876112855,
          "phase": 0.14285714285714285,
          "divisions": 7,
          "cents": 576.6035489702755
        },
        {
          "key": [
            0,
            3
          ],
          "frequency": 181.13453738048574,
          "l": 606.7954314169282,
          "phase": 0.21428571428571427,
          "divisions": 7,
          "cents": 712.6895299739023
        },
        {
          "key": [
            0,
            4
          ],
          "frequency": 197.26668983571122,
          "l": 643.4230752225709,
          "phase": 0.2857142857142857,
          "divisions": 7,
          "cents": 860.3923824848152
        },
        {
          "key": [
            0,
            5
          ],
          "frequency": 216.55329782146148,
          "l": 680.0507190282136,
          "phase": 0.3571428571428571,
          "divisions": 7,
          "cents": 1021.8821156792704
        },
        {
          "key": [
            0,
            6
          ],
          "frequency": 240.01984823368605,
          "l": 716.6783628338563,
          "phase": 0.42857142857142855,
          "divisions": 7,
          "cents": 1200.0
        }
      ]
    },
    {
      "channel": "Left",
      "nodes": [
        {
          "key": [
            1,
            0
          ],
          "frequency": 290.9008616964385,
          "l": 772.5060066394991,
          "phase": 0.5,
          "divisions": 7,
          "cents": 332.848628112806
        },
        {
          "key": [
            1,
            1
          ],
          "frequency": 311.346279342248,
          "l": 809.1336504451418,
          "phase": 0.5714285714285714,
          "divisions": 7,
          "cents": 450.43959072522955
        },
        {
          "key": [
            1,
            2
          ],
          "frequency": 334.8828908383343,
          "l": 845.7612942507845,
          "phase": 0.6428571428571428,
          "divisions": 7,
          "cents": 576.6035489702755
        },
        {
          "key": [
            1,
            3
          ],
          "frequency": 362.2690747609715,
          "l": 882.3889380564273,
          "phase": 0.7142857142857142,
          "divisions": 7,
          "cents": 712.6895299739023
        },
        {
          "key": [
            1,
            4
          ],
          "frequency": 394.53337967142244,
          "l": 919.01658186207,
          "phase": 0.7857142857142857,
          "divisions": 7,
          "cents": 860.3923824848152
        },
        {
          "key": [
            1,
            5
          ],
          "frequency": 433.10659564292297,
          "l": 955.6442256677127,
          "phase": 0.8571428571428571,
          "divisions": 7,
          "cents": 1021.8821156792704
        },
        {
          "key": [
            1,
            6
          ],
          "frequency": 480.0396964673721,
          "l": 992.2718694733554,
          "phase": 0.9285714285714285,
          "divisions": 7,
          "cents": 1200.0
        }
      ]
    }
  ],
  "In"
]
