---
source: crates/common/src/instrument/config.rs
expression: config
---
[
  [
    {
      "channel": "Right",
      "nodes": [
        {
          "key": [
            0,
            0
          ],
          "frequency": 120.0538516146896,
          "l": 354.7164237284684,
          "phase": 0.0,
          "divisions": 5,
          "cents": 0.0
        },
        {
          "key": [
            0,
            1
          ],
          "frequency": 137.9056618608521,
          "l": 397.204854379607,
          "phase": 0.06366197723675814,
          "divisions": 5,
          "cents": 240.00000000000014
        },
        {
          "key": [
            0,
            2
          ],
          "frequency": 158.41200692433813,
          "l": 439.69328503074564,
          "phase": 0.12732395447351627,
          "divisions": 5,
          "cents": 479.9999999999999
        },
        {
          "key": [
            0,
            3
          ],
          "frequency": 181.96761176576612,
          "l": 482.18171568188427,
          "phase": 0.1909859317102744,
          "divisions": 5,
          "cents": 719.9999999999999
        },
        {
          "key": [
            0,
            4
          ],
          "frequency": 209.02589629807468,
          "l": 524.6701463330229,
          "phase": 0.25464790894703254,
          "divisions": 5,
          "cents": 959.9999999999999
        }
      ]
    },
    {
      "channel": "Left",
      "nodes": [
        {
          "key": [
            1,
            0
          ],
          "frequency": 240.1077032293792,
          "l": 587.8007295272248,
          "phase": 0.3183098861837907,
          "divisions": 5,
          "cents": 0.0
        },
        {
          "key": [
            1,
            1
          ],
          "frequency": 275.8113237217042,
          "l": 630.2891601783634,
          "phase": 0.3819718634205488,
          "divisions": 5,
          "cents": 240.00000000000014
        },
        {
          "key": [
            1,
            2
          ],
          "frequency": 316.82401384867626,
          "l": 672.7775908295021,
          "phase": 0.44563384065730693,
          "divisions": 5,
          "cents": 479.9999999999999
        },
        {
          "key": [
            1,
            3
          ],
          "frequency": 363.93522353153224,
          "l": 715.2660214806407,
          "phase": 0.5092958178940651,
          "divisions": 5,
          "cents": 719.9999999999999
        },
        {
          "key": [
            1,
            4
          ],
          "frequency": 418.05179259614937,
          "l": 757.7544521317793,
          "phase": 0.5729577951308232,
          "divisions": 5,
          "cents": 959.9999999999999
        }
      ]
    }
  ],
  "Yo"
]
