---
source: shared/tests/layout.rs
expression: layout
---
inbound:
  line:
    - - 143.33334
      - 0
    - - 143.33334
      - 932
outbound:
  line:
    - - 286.6667
      - 0
    - - 286.6667
      - 932
buttons:
  - rect:
      - - 172
        - 73.5
      - - 258
        - 159.5
  - rect:
      - - 172
        - 306.5
      - - 258
        - 392.5
  - rect:
      - - 172
        - 539.5
      - - 258
        - 625.5
  - rect:
      - - 172
        - 772.5
      - - 258
        - 858.5
tracks:
  - rect:
      - - 154.8
        - 56.3
      - - 544.6667
        - 176.7
  - rect:
      - - 154.8
        - 289.3
      - - 544.6667
        - 409.69998
  - rect:
      - - -114.66666
        - 522.3
      - - 275.2
        - 642.7
  - rect:
      - - -114.66666
        - 755.3
      - - 275.2
        - 875.7

