---
source: crates/common/src/tuner/layout.rs
expression: tuner_layout
---
{
  "space": [
    1536.0,
    864.0
  ],
  "orientation": "Horizontal",
  "safe_area_padding": {
    "top": 18.0,
    "right": 18.0,
    "bottom": 18.0,
    "left": 18.0
  },
  "line_position": [
    [
      0.0,
      822.786908866365
    ],
    [
      1536.0,
      822.786908866365
    ]
  ],
  "sensor_radius": 23.21309113363495,
  "num_sensors": 10
}
