---
source: crates/common/src/tuner/layout.rs
expression: tuner_layout
---
{
  "space": [
    412.0,
    915.0
  ],
  "orientation": "Vertical",
  "safe_area_padding": {
    "top": 44.0,
    "right": 0.0,
    "bottom": 34.0,
    "left": 0.0
  },
  "line_position": [
    [
      21.109567017986787,
      0.0
    ],
    [
      21.109567017986787,
      915.0
    ]
  ],
  "sensor_radius": 21.109567017986787,
  "num_sensors": 6
}
