---
source: crates/common/src/tuner/layout.rs
expression: tuner_layout
---
{
  "space": [
    1366.0,
    768.0
  ],
  "orientation": "Horizontal",
  "safe_area_padding": {
    "top": 18.0,
    "right": 18.0,
    "bottom": 18.0,
    "left": 18.0
  },
  "line_position": [
    [
      0.0,
      715.6877856172604
    ],
    [
      1366.0,
      715.6877856172604
    ]
  ],
  "sensor_radius": 34.312214382739576,
  "num_sensors": 6
}
