---
source: crates/common/src/tuner/layout.rs
expression: tuner_layout
---
{
  "space": [
    810.0,
    1080.0
  ],
  "orientation": "Vertical",
  "safe_area_padding": {
    "top": 0.0,
    "right": 0.0,
    "bottom": 0.0,
    "left": 0.0
  },
  "line_position": [
    [
      0.0,
      0.0
    ],
    [
      0.0,
      1080.0
    ]
  ],
  "sensor_radius": 34.12264413753107,
  "num_sensors": 6
}
