---
source: crates/common/src/tuner/layout.rs
expression: tuner_layout
---
{
  "space": [
    1280.0,
    720.0
  ],
  "orientation": "Horizontal",
  "safe_area_padding": {
    "top": 18.0,
    "right": 18.0,
    "bottom": 18.0,
    "left": 18.0
  },
  "line_position": [
    [
      0.0,
      702.0
    ],
    [
      1280.0,
      702.0
    ]
  ],
  "sensor_radius": 23.651561098025674,
  "num_sensors": 10
}
