---
source: crates/common/src/tuner/config.rs
expression: config
---
{
  "sensor_data": [
    {
      "key": [
        0,
        0
      ],
      "min_frequency": 21.533203,
      "max_frequency": 1594.9951,
      "min_magnitude": 0.015,
      "max_magnitude": 0.75
    },
    {
      "key": [
        0,
        1
      ],
      "min_frequency": 1594.9951,
      "max_frequency": 3168.457,
      "min_magnitude": 0.015,
      "max_magnitude": 0.75
    },
    {
      "key": [
        0,
        2
      ],
      "min_frequency": 3168.457,
      "max_frequency": 4741.919,
      "min_magnitude": 0.015,
      "max_magnitude": 0.75
    },
    {
      "key": [
        0,
        3
      ],
      "min_frequency": 4741.919,
      "max_frequency": 6315.381,
      "min_magnitude": 0.015,
      "max_magnitude": 0.75
    },
    {
      "key": [
        0,
        4
      ],
      "min_frequency": 6315.381,
      "max_frequency": 7888.843,
      "min_magnitude": 0.015,
      "max_magnitude": 0.75
    },
    {
      "key": [
        0,
        5
      ],
      "min_frequency": 7888.843,
      "max_frequency": 9462.305,
      "min_magnitude": 0.015,
      "max_magnitude": 0.75
    },
    {
      "key": [
        0,
        6
      ],
      "min_frequency": 9462.305,
      "max_frequency": 11035.767,
      "min_magnitude": 0.015,
      "max_magnitude": 0.75
    },
    {
      "key": [
        1,
        0
      ],
      "min_frequency": 11035.767,
      "max_frequency": 12609.229,
      "min_magnitude": 0.015,
      "max_magnitude": 0.75
    },
    {
      "key": [
        1,
        1
      ],
      "min_frequency": 12609.229,
      "max_frequency": 14182.69,
      "min_magnitude": 0.015,
      "max_magnitude": 0.75
    },
    {
      "key": [
        1,
        2
      ],
      "min_frequency": 14182.69,
      "max_frequency": 15756.152,
      "min_magnitude": 0.015,
      "max_magnitude": 0.75
    },
    {
      "key": [
        1,
        3
      ],
      "min_frequency": 15756.152,
      "max_frequency": 17329.615,
      "min_magnitude": 0.015,
      "max_magnitude": 0.75
    },
    {
      "key": [
        1,
        4
      ],
      "min_frequency": 17329.615,
      "max_frequency": 18903.076,
      "min_magnitude": 0.015,
      "max_magnitude": 0.75
    },
    {
      "key": [
        1,
        5
      ],
      "min_frequency": 18903.076,
      "max_frequency": 20476.537,
      "min_magnitude": 0.015,
      "max_magnitude": 0.75
    },
    {
      "key": [
        1,
        6
      ],
      "min_frequency": 20476.537,
      "max_frequency": 22050.0,
      "min_magnitude": 0.015,
      "max_magnitude": 0.75
    }
  ],
  "sample_rate": 44100.0,
  "fft_size": 2048,
  "ny_threshold": 0.75,
  "ny_wet_ratio": 0.3,
  "frequency_range": [
    null,
    null
  ]
}
