---
source: crates/common/src/tuner/layout.rs
expression: tuner_layout
---
{
  "space": [
    390.0,
    844.0
  ],
  "orientation": "Vertical",
  "safe_area_padding": {
    "top": 24.0,
    "right": 0.0,
    "bottom": 16.0,
    "left": 0.0
  },
  "line_position": [
    [
      0.0,
      0.0
    ],
    [
      0.0,
      844.0
    ]
  ],
  "sensor_radius": 25.243466217696405,
  "num_sensors": 6
}
