---
source: crates/common/src/instrument/config/node.rs
expression: data
---
[
  [
    [
      1920.0,
      1080.0
    ],
    [
      [
        "NodeKey(0, 0)",
        "145.45043084821924Hz",
        "332.848628112806 cents",
        [
          [
            "F1",
            171.20217342087392
          ],
          [
            "F2",
            513.6065202626218
          ],
          [
            "F3",
            856.0108671043696
          ],
          [
            "F4",
            1198.4152139461173
          ],
          [
            "F5",
            1540.8195607878652
          ]
        ]
      ],
      [
        "NodeKey(0, 1)",
        "155.673139671124Hz",
        "450.43959072522955 cents",
        [
          [
            "F1",
            159.449107977506
          ],
          [
            "F2",
            478.347323932518
          ],
          [
            "F3",
            797.24553988753
          ],
          [
            "F4",
            1116.143755842542
          ],
          [
            "F5",
            1435.041971797554
          ]
        ]
      ],
      [
        "NodeKey(0, 2)",
        "167.44144541916714Hz",
        "576.6035489702755 cents",
        [
          [
            "F1",
            149.20607906737547
          ],
          [
            "F2",
            447.6182372021264
          ],
          [
            "F3",
            746.0303953368773
          ],
          [
            "F4",
            1044.4425534716283
          ],
          [
            "F5",
            1342.8547116063792
          ]
        ]
      ],
      [
        "NodeKey(0, 3)",
        "181.13453738048574Hz",
        "712.6895299739023 cents",
        [
          [
            "F1",
            140.19963828888294
          ],
          [
            "F2",
            420.59891486664884
          ],
          [
            "F3",
            700.9981914444147
          ],
          [
            "F4",
            981.3974680221806
          ],
          [
            "F5",
            1261.7967445999466
          ]
        ]
      ],
      [
        "NodeKey(0, 4)",
        "197.26668983571122Hz",
        "860.3923824848152 cents",
        [
          [
            "F1",
            132.21860277636452
          ],
          [
            "F2",
            396.65580832909353
          ],
          [
            "F3",
            661.0930138818226
          ],
          [
            "F4",
            925.5302194345516
          ],
          [
            "F5",
            1189.9674249872805
          ]
        ]
      ],
      [
        "NodeKey(0, 5)",
        "216.55329782146148Hz",
        "1021.8821156792704 cents",
        [
          [
            "F1",
            125.09728703995468
          ],
          [
            "F2",
            375.29186111986405
          ],
          [
            "F3",
            625.4864351997734
          ],
          [
            "F4",
            875.6810092796828
          ],
          [
            "F5",
            1125.8755833595922
          ]
        ]
      ],
      [
        "NodeKey(0, 6)",
        "240.01984823368605Hz",
        "1200 cents",
        [
          [
            "F1",
            118.7038766785288
          ],
          [
            "F2",
            356.1116300355864
          ],
          [
            "F3",
            593.519383392644
          ],
          [
            "F4",
            830.9271367497016
          ],
          [
            "F5",
            1068.3348901067593
          ]
        ]
      ],
      [
        "NodeKey(1, 0)",
        "290.9008616964385Hz",
        "332.848628112806 cents",
        [
          [
            "F1",
            110.12535730314431
          ],
          [
            "F2",
            330.37607190943294
          ],
          [
            "F3",
            550.6267865157215
          ],
          [
            "F4",
            770.8775011220101
          ],
          [
            "F5",
            991.1282157282988
          ]
        ]
      ],
      [
        "NodeKey(1, 1)",
        "311.346279342248Hz",
        "450.43959072522955 cents",
        [
          [
            "F1",
            105.14023233763382
          ],
          [
            "F2",
            315.4206970129015
          ],
          [
            "F3",
            525.7011616881691
          ],
          [
            "F4",
            735.9816263634368
          ],
          [
            "F5",
            946.2620910387044
          ]
        ]
      ],
      [
        "NodeKey(1, 2)",
        "334.8828908383343Hz",
        "576.6035489702755 cents",
        [
          [
            "F1",
            100.58689204423958
          ],
          [
            "F2",
            301.76067613271874
          ],
          [
            "F3",
            502.93446022119787
          ],
          [
            "F4",
            704.108244309677
          ],
          [
            "F5",
            905.2820283981562
          ]
        ]
      ],
      [
        "NodeKey(1, 3)",
        "362.2690747609715Hz",
        "712.6895299739023 cents",
        [
          [
            "F1",
            96.41156674899268
          ],
          [
            "F2",
            289.23470024697804
          ],
          [
            "F3",
            482.0578337449634
          ],
          [
            "F4",
            674.8809672429488
          ],
          [
            "F5",
            867.7041007409341
          ]
        ]
      ],
      [
        "NodeKey(1, 4)",
        "394.53337967142244Hz",
        "860.3923824848152 cents",
        [
          [
            "F1",
            92.56905879503277
          ],
          [
            "F2",
            277.7071763850983
          ],
          [
            "F3",
            462.8452939751638
          ],
          [
            "F4",
            647.9834115652294
          ],
          [
            "F5",
            833.1215291552949
          ]
        ]
      ],
      [
        "NodeKey(1, 5)",
        "433.10659564292297Hz",
        "1021.8821156792704 cents",
        [
          [
            "F1",
            89.02109981416932
          ],
          [
            "F2",
            267.06329944250797
          ],
          [
            "F3",
            445.10549907084663
          ],
          [
            "F4",
            623.1476986991853
          ],
          [
            "F5",
            801.1898983275239
          ]
        ]
      ],
      [
        "NodeKey(1, 6)",
        "480.0396964673721Hz",
        "1200 cents",
        [
          [
            "F1",
            85.73507182578089
          ],
          [
            "F2",
            257.2052154773427
          ],
          [
            "F3",
            428.6753591289044
          ],
          [
            "F4",
            600.1455027804662
          ],
          [
            "F5",
            771.6156464320279
          ]
        ]
      ]
    ]
  ],
  [
    [
      1366.0,
      768.0
    ],
    [
      [
        "NodeKey(0, 0)",
        "120.0538516146896Hz",
        "0 cents",
        [
          [
            "F1",
            241.22484071206327
          ],
          [
            "F2",
            723.6745221361898
          ],
          [
            "F3",
            1206.1242035603163
          ],
          [
            "F4",
            1688.5738849844429
          ],
          [
            "F5",
            2171.0235664085694
          ]
        ]
      ],
      [
        "NodeKey(0, 1)",
        "151.25837477030305Hz",
        "400.00000000000006 cents",
        [
          [
            "F1",
            208.51685777357832
          ],
          [
            "F2",
            625.550573320735
          ],
          [
            "F3",
            1042.5842888678915
          ],
          [
            "F4",
            1459.6180044150483
          ],
          [
            "F5",
            1876.6517199622047
          ]
        ]
      ],
      [
        "NodeKey(0, 2)",
        "190.5736103459924Hz",
        "799.9999999999998 cents",
        [
          [
            "F1",
            183.61963758814673
          ],
          [
            "F2",
            550.8589127644402
          ],
          [
            "F3",
            918.0981879407336
          ],
          [
            "F4",
            1285.337463117027
          ],
          [
            "F5",
            1652.5767382933204
          ]
        ]
      ],
      [
        "NodeKey(1, 0)",
        "240.1077032293792Hz",
        "0 cents",
        [
          [
            "F1",
            156.43015660167725
          ],
          [
            "F2",
            469.29046980503176
          ],
          [
            "F3",
            782.1507830083862
          ],
          [
            "F4",
            1095.0110962117408
          ],
          [
            "F5",
            1407.8714094150953
          ]
        ]
      ],
      [
        "NodeKey(1, 1)",
        "302.5167495406061Hz",
        "400.00000000000006 cents",
        [
          [
            "F1",
            141.98707529526123
          ],
          [
            "F2",
            425.9612258857837
          ],
          [
            "F3",
            709.9353764763061
          ],
          [
            "F4",
            993.9095270668286
          ],
          [
            "F5",
            1277.883677657351
          ]
        ]
      ],
      [
        "NodeKey(1, 2)",
        "381.1472206919848Hz",
        "799.9999999999998 cents",
        [
          [
            "F1",
            129.98560041215114
          ],
          [
            "F2",
            389.95680123645343
          ],
          [
            "F3",
            649.9280020607557
          ],
          [
            "F4",
            909.899202885058
          ],
          [
            "F5",
            1169.8704037093603
          ]
        ]
      ]
    ]
  ],
  [
    [
      1536.0,
      864.0
    ],
    [
      [
        "NodeKey(0, 0)",
        "149.37405564246507Hz",
        "378.93105489191163 cents",
        [
          [
            "F1",
            213.3546506160068
          ],
          [
            "F2",
            640.0639518480205
          ],
          [
            "F3",
            1066.773253080034
          ],
          [
            "F4",
            1493.4825543120476
          ],
          [
            "F5",
            1920.1918555440611
          ]
        ]
      ],
      [
        "NodeKey(0, 1)",
        "164.94756195844656Hz",
        "550.6244889875309 cents",
        [
          [
            "F1",
            194.25136470255669
          ],
          [
            "F2",
            582.7540941076701
          ],
          [
            "F3",
            971.2568235127834
          ],
          [
            "F4",
            1359.7595529178968
          ],
          [
            "F5",
            1748.2622823230101
          ]
        ]
      ],
      [
        "NodeKey(0, 2)",
        "184.146376245057Hz",
        "741.2391528225359 cents",
        [
          [
            "F1",
            178.28787722437983
          ],
          [
            "F2",
            534.8636316731395
          ],
          [
            "F3",
            891.4393861218991
          ],
          [
            "F4",
            1248.0151405706588
          ],
          [
            "F5",
            1604.5908950194184
          ]
        ]
      ],
      [
        "NodeKey(0, 3)",
        "208.4031340941284Hz",
        "955.46791287266 cents",
        [
          [
            "F1",
            164.74888953603528
          ],
          [
            "F2",
            494.24666860810584
          ],
          [
            "F3",
            823.7444476801763
          ],
          [
            "F4",
            1153.242226752247
          ],
          [
            "F5",
            1482.7400058243174
          ]
        ]
      ],
      [
        "NodeKey(0, 4)",
        "240.01984823368605Hz",
        "1200 cents",
        [
          [
            "F1",
            153.12104383198522
          ],
          [
            "F2",
            459.36313149595566
          ],
          [
            "F3",
            765.605219159926
          ],
          [
            "F4",
            1071.8473068238966
          ],
          [
            "F5",
            1378.089394487867
          ]
        ]
      ],
      [
        "NodeKey(1, 0)",
        "298.74811128493013Hz",
        "378.93105489191163 cents",
        [
          [
            "F1",
            138.55389329098875
          ],
          [
            "F2",
            415.6616798729663
          ],
          [
            "F3",
            692.7694664549438
          ],
          [
            "F4",
            969.8772530369214
          ],
          [
            "F5",
            1246.9850396188988
          ]
        ]
      ],
      [
        "NodeKey(1, 1)",
        "329.8951239168931Hz",
        "550.6244889875309 cents",
        [
          [
            "F1",
            130.23639026708045
          ],
          [
            "F2",
            390.7091708012414
          ],
          [
            "F3",
            651.1819513354022
          ],
          [
            "F4",
            911.6547318695632
          ],
          [
            "F5",
            1172.127512403724
          ]
        ]
      ],
      [
        "NodeKey(1, 2)",
        "368.292752490114Hz",
        "741.2391528225359 cents",
        [
          [
            "F1",
            122.86094755291958
          ],
          [
            "F2",
            368.58284265875875
          ],
          [
            "F3",
            614.3047377645979
          ],
          [
            "F4",
            860.0266328704371
          ],
          [
            "F5",
            1105.7485279762761
          ]
        ]
      ],
      [
        "NodeKey(1, 3)",
        "416.8062681882568Hz",
        "955.46791287266 cents",
        [
          [
            "F1",
            116.27609317773219
          ],
          [
            "F2",
            348.82827953319656
          ],
          [
            "F3",
            581.380465888661
          ],
          [
            "F4",
            813.9326522441254
          ],
          [
            "F5",
            1046.4848385995897
          ]
        ]
      ],
      [
        "NodeKey(1, 4)",
        "480.0396964673721Hz",
        "1200 cents",
        [
          [
            "F1",
            110.36117643662129
          ],
          [
            "F2",
            331.0835293098639
          ],
          [
            "F3",
            551.8058821831064
          ],
          [
            "F4",
            772.5282350563491
          ],
          [
            "F5",
            993.2505879295916
          ]
        ]
      ]
    ]
  ],
  [
    [
      1280.0,
      720.0
    ],
    [
      [
        "NodeKey(0, 0)",
        "120.03336355514709Hz",
        "0 cents",
        [
          [
            "F1",
            256.4783492244989
          ],
          [
            "F2",
            769.4350476734967
          ],
          [
            "F3",
            1282.3917461224944
          ],
          [
            "F4",
            1795.3484445714923
          ],
          [
            "F5",
            2308.30514302049
          ]
        ]
      ],
      [
        "NodeKey(0, 1)",
        "151.23256143281392Hz",
        "400.00000000000006 cents",
        [
          [
            "F1",
            221.861530104164
          ],
          [
            "F2",
            665.584590312492
          ],
          [
            "F3",
            1109.3076505208198
          ],
          [
            "F4",
            1553.0307107291478
          ],
          [
            "F5",
            1996.7537709374758
          ]
        ]
      ],
      [
        "NodeKey(0, 2)",
        "190.5410875787218Hz",
        "799.9999999999997 cents",
        [
          [
            "F1",
            195.4779233234474
          ],
          [
            "F2",
            586.4337699703423
          ],
          [
            "F3",
            977.389616617237
          ],
          [
            "F4",
            1368.345463264132
          ],
          [
            "F5",
            1759.3013099110267
          ]
        ]
      ],
      [
        "NodeKey(1, 0)",
        "240.0738816628857Hz",
        "0 cents",
        [
          [
            "F1",
            166.63217704211795
          ],
          [
            "F2",
            499.89653112635386
          ],
          [
            "F3",
            833.1608852105896
          ],
          [
            "F4",
            1166.4252392948256
          ],
          [
            "F5",
            1499.6895933790615
          ]
        ]
      ],
      [
        "NodeKey(1, 1)",
        "302.47413703704046Hz",
        "399.9999999999997 cents",
        [
          [
            "F1",
            151.29524181504078
          ],
          [
            "F2",
            453.8857254451224
          ],
          [
            "F3",
            756.4762090752039
          ],
          [
            "F4",
            1059.0666927052855
          ],
          [
            "F5",
            1361.657176335367
          ]
        ]
      ],
      [
        "NodeKey(1, 2)",
        "381.0935323017538Hz",
        "799.9999999999998 cents",
        [
          [
            "F1",
            138.54359789621145
          ],
          [
            "F2",
            415.6307936886344
          ],
          [
            "F3",
            692.7179894810573
          ],
          [
            "F4",
            969.8051852734802
          ],
          [
            "F5",
            1246.8923810659032
          ]
        ]
      ]
    ]
  ],
  [
    [
      1440.0,
      900.0
    ],
    [
      [
        "NodeKey(0, 0)",
        "149.37405564246507Hz",
        "378.93105489191163 cents",
        [
          [
            "F1",
            253.8719785138765
          ],
          [
            "F2",
            761.6159355416296
          ],
          [
            "F3",
            1269.3598925693825
          ],
          [
            "F4",
            1777.1038495971356
          ],
          [
            "F5",
            2284.8478066248886
          ]
        ]
      ],
      [
        "NodeKey(0, 1)",
        "164.94756195844656Hz",
        "550.6244889875309 cents",
        [
          [
            "F1",
            228.89550298774452
          ],
          [
            "F2",
            686.6865089632336
          ],
          [
            "F3",
            1144.4775149387226
          ],
          [
            "F4",
            1602.2685209142116
          ],
          [
            "F5",
            2060.0595268897005
          ]
        ]
      ],
      [
        "NodeKey(0, 2)",
        "184.146376245057Hz",
        "741.2391528225359 cents",
        [
          [
            "F1",
            208.39331678019678
          ],
          [
            "F2",
            625.1799503405904
          ],
          [
            "F3",
            1041.9665839009838
          ],
          [
            "F4",
            1458.7532174613775
          ],
          [
            "F5",
            1875.539851021771
          ]
        ]
      ],
      [
        "NodeKey(0, 3)",
        "208.4031340941284Hz",
        "955.46791287266 cents",
        [
          [
            "F1",
            191.26196885623725
          ],
          [
            "F2",
            573.7859065687118
          ],
          [
            "F3",
            956.3098442811862
          ],
          [
            "F4",
            1338.8337819936608
          ],
          [
            "F5",
            1721.3577197061352
          ]
        ]
      ],
      [
        "NodeKey(0, 4)",
        "240.01984823368605Hz",
        "1200 cents",
        [
          [
            "F1",
            176.73329041924265
          ],
          [
            "F2",
            530.199871257728
          ],
          [
            "F3",
            883.6664520962132
          ],
          [
            "F4",
            1237.1330329346986
          ],
          [
            "F5",
            1590.5996137731838
          ]
        ]
      ],
      [
        "NodeKey(1, 0)",
        "298.74811128493013Hz",
        "378.93105489191163 cents",
        [
          [
            "F1",
            158.38457908476653
          ],
          [
            "F2",
            475.1537372542996
          ],
          [
            "F3",
            791.9228954238325
          ],
          [
            "F4",
            1108.6920535933657
          ],
          [
            "F5",
            1425.4612117628985
          ]
        ]
      ],
      [
        "NodeKey(1, 1)",
        "329.8951239168931Hz",
        "550.6244889875309 cents",
        [
          [
            "F1",
            148.28965894917195
          ],
          [
            "F2",
            444.8689768475159
          ],
          [
            "F3",
            741.4482947458598
          ],
          [
            "F4",
            1038.0276126442038
          ],
          [
            "F5",
            1334.6069305425476
          ]
        ]
      ],
      [
        "NodeKey(1, 2)",
        "368.292752490114Hz",
        "741.2391528225359 cents",
        [
          [
            "F1",
            139.4044695287755
          ],
          [
            "F2",
            418.2134085863265
          ],
          [
            "F3",
            697.0223476438775
          ],
          [
            "F4",
            975.8312867014286
          ],
          [
            "F5",
            1254.6402257589796
          ]
        ]
      ],
      [
        "NodeKey(1, 3)",
        "416.8062681882568Hz",
        "955.46791287266 cents",
        [
          [
            "F1",
            131.52385039243234
          ],
          [
            "F2",
            394.57155117729707
          ],
          [
            "F3",
            657.6192519621617
          ],
          [
            "F4",
            920.6669527470264
          ],
          [
            "F5",
            1183.7146535318911
          ]
        ]
      ],
      [
        "NodeKey(1, 4)",
        "480.0396964673721Hz",
        "1200 cents",
        [
          [
            "F1",
            124.48655027140788
          ],
          [
            "F2",
            373.45965081422366
          ],
          [
            "F3",
            622.4327513570394
          ],
          [
            "F4",
            871.4058518998552
          ],
          [
            "F5",
            1120.3789524426709
          ]
        ]
      ]
    ]
  ],
  [
    [
      1600.0,
      900.0
    ],
    [
      [
        "NodeKey(0, 0)",
        "120.04742721812954Hz",
        "0 cents",
        [
          [
            "F1",
            205.0938170833066
          ],
          [
            "F2",
            615.2814512499199
          ],
          [
            "F3",
            1025.469085416533
          ],
          [
            "F4",
            1435.6567195831462
          ],
          [
            "F5",
            1845.8443537497594
          ]
        ]
      ],
      [
        "NodeKey(0, 1)",
        "137.8982821670917Hz",
        "240.00000000000014 cents",
        [
          [
            "F1",
            186.7421527408841
          ],
          [
            "F2",
            560.2264582226524
          ],
          [
            "F3",
            933.7107637044205
          ],
          [
            "F4",
            1307.195069186189
          ],
          [
            "F5",
            1680.679374667957
          ]
        ]
      ],
      [
        "NodeKey(0, 2)",
        "158.40352988225519Hz",
        "479.9999999999999 cents",
        [
          [
            "F1",
            171.40494706630346
          ],
          [
            "F2",
            514.2148411989104
          ],
          [
            "F3",
            857.0247353315173
          ],
          [
            "F4",
            1199.8346294641242
          ],
          [
            "F5",
            1542.6445235967312
          ]
        ]
      ],
      [
        "NodeKey(0, 3)",
        "181.95787420147022Hz",
        "719.9999999999999 cents",
        [
          [
            "F1",
            158.39583546079413
          ],
          [
            "F2",
            475.1875063823824
          ],
          [
            "F3",
            791.9791773039707
          ],
          [
            "F4",
            1108.770848225559
          ],
          [
            "F5",
            1425.5625191471472
          ]
        ]
      ],
      [
        "NodeKey(0, 4)",
        "209.01471077398628Hz",
        "959.9999999999999 cents",
        [
          [
            "F1",
            147.2221260581697
          ],
          [
            "F2",
            441.66637817450913
          ],
          [
            "F3",
            736.1106302908485
          ],
          [
            "F4",
            1030.554882407188
          ],
          [
            "F5",
            1324.9991345235273
          ]
        ]
      ],
      [
        "NodeKey(1, 0)",
        "240.09485443625908Hz",
        "0 cents",
        [
          [
            "F1",
            133.2550237178709
          ],
          [
            "F2",
            399.7650711536127
          ],
          [
            "F3",
            666.2751185893544
          ],
          [
            "F4",
            932.7851660250963
          ],
          [
            "F5",
            1199.295213460838
          ]
        ]
      ],
      [
        "NodeKey(1, 1)",
        "275.7965643341834Hz",
        "240.00000000000014 cents",
        [
          [
            "F1",
            125.2572867083483
          ],
          [
            "F2",
            375.77186012504495
          ],
          [
            "F3",
            626.2864335417415
          ],
          [
            "F4",
            876.8010069584382
          ],
          [
            "F5",
            1127.3155803751347
          ]
        ]
      ],
      [
        "NodeKey(1, 2)",
        "316.80705976451037Hz",
        "479.9999999999999 cents",
        [
          [
            "F1",
            118.16521408292836
          ],
          [
            "F2",
            354.4956422487851
          ],
          [
            "F3",
            590.8260704146418
          ],
          [
            "F4",
            827.1564985804985
          ],
          [
            "F5",
            1063.4869267463553
          ]
        ]
      ],
      [
        "NodeKey(1, 3)",
        "363.91574840294044Hz",
        "719.9999999999999 cents",
        [
          [
            "F1",
            111.83321304950438
          ],
          [
            "F2",
            335.49963914851315
          ],
          [
            "F3",
            559.1660652475218
          ],
          [
            "F4",
            782.8324913465307
          ],
          [
            "F5",
            1006.4989174455394
          ]
        ]
      ],
      [
        "NodeKey(1, 4)",
        "418.02942154797256Hz",
        "959.9999999999999 cents",
        [
          [
            "F1",
            106.14531055354263
          ],
          [
            "F2",
            318.4359316606279
          ],
          [
            "F3",
            530.7265527677131
          ],
          [
            "F4",
            743.0171738747983
          ],
          [
            "F5",
            955.3077949818836
          ]
        ]
      ]
    ]
  ],
  [
    [
      360.0,
      800.0
    ],
    [
      [
        "NodeKey(0, 0)",
        "159.45751085606108Hz",
        "491.4810826274373 cents",
        [
          [
            "F1",
            351.29163183130186
          ],
          [
            "F2",
            1053.8748954939058
          ],
          [
            "F3",
            1756.4581591565093
          ],
          [
            "F4",
            2459.041422819113
          ],
          [
            "F5",
            3161.6246864817167
          ]
        ]
      ],
      [
        "NodeKey(0, 1)",
        "191.63910007012075Hz",
        "809.7449505626737 cents",
        [
          [
            "F1",
            308.886070753235
          ],
          [
            "F2",
            926.6582122597051
          ],
          [
            "F3",
            1544.4303537661751
          ],
          [
            "F4",
            2162.202495272645
          ],
          [
            "F5",
            2779.9746367791154
          ]
        ]
      ],
      [
        "NodeKey(0, 2)",
        "240.09485443625908Hz",
        "1200 cents",
        [
          [
            "F1",
            275.61560965928015
          ],
          [
            "F2",
            826.8468289778406
          ],
          [
            "F3",
            1378.0780482964008
          ],
          [
            "F4",
            1929.3092676149613
          ],
          [
            "F5",
            2480.5404869335216
          ]
        ]
      ],
      [
        "NodeKey(1, 0)",
        "318.9751812711115Hz",
        "491.4810826274373 cents",
        [
          [
            "F1",
            235.58606172210887
          ],
          [
            "F2",
            706.7581851663266
          ],
          [
            "F3",
            1177.9303086105442
          ],
          [
            "F4",
            1649.102432054762
          ],
          [
            "F5",
            2120.2745554989797
          ]
        ]
      ],
      [
        "NodeKey(1, 1)",
        "383.35050105403Hz",
        "809.7449505626737 cents",
        [
          [
            "F1",
            215.7248201873007
          ],
          [
            "F2",
            647.1744605619022
          ],
          [
            "F3",
            1078.6241009365035
          ],
          [
            "F4",
            1510.073741311105
          ],
          [
            "F5",
            1941.5233816857065
          ]
        ]
      ],
      [
        "NodeKey(1, 2)",
        "480.2802909998884Hz",
        "1200 cents",
        [
          [
            "F1",
            198.95203494288643
          ],
          [
            "F2",
            596.8561048286593
          ],
          [
            "F3",
            994.7601747144322
          ],
          [
            "F4",
            1392.6642446002052
          ],
          [
            "F5",
            1790.568314485978
          ]
        ]
      ]
    ]
  ],
  [
    [
      390.0,
      844.0
    ],
    [
      [
        "NodeKey(0, 0)",
        "120.08102004345253Hz",
        "0 cents",
        [
          [
            "F1",
            337.9137385305347
          ],
          [
            "F2",
            1013.7412155916041
          ],
          [
            "F3",
            1689.5686926526735
          ],
          [
            "F4",
            2365.396169713743
          ],
          [
            "F5",
            3041.223646774812
          ]
        ]
      ],
      [
        "NodeKey(0, 1)",
        "151.292604845594Hz",
        "400.00000000000006 cents",
        [
          [
            "F1",
            295.54278861412416
          ],
          [
            "F2",
            886.6283658423727
          ],
          [
            "F3",
            1477.7139430706209
          ],
          [
            "F4",
            2068.7995202988695
          ],
          [
            "F5",
            2659.8850975271175
          ]
        ]
      ],
      [
        "NodeKey(0, 2)",
        "190.61673753839096Hz",
        "799.9999999999998 cents",
        [
          [
            "F1",
            262.61369871133047
          ],
          [
            "F2",
            787.8410961339915
          ],
          [
            "F3",
            1313.0684935566524
          ],
          [
            "F4",
            1838.2958909793133
          ],
          [
            "F5",
            2363.5232884019742
          ]
        ]
      ],
      [
        "NodeKey(1, 0)",
        "240.16204008690505Hz",
        "0 cents",
        [
          [
            "F1",
            224.32418994502893
          ],
          [
            "F2",
            672.9725698350868
          ],
          [
            "F3",
            1121.6209497251446
          ],
          [
            "F4",
            1570.2693296152027
          ],
          [
            "F5",
            2018.9177095052603
          ]
        ]
      ],
      [
        "NodeKey(1, 1)",
        "302.585209691188Hz",
        "400.00000000000006 cents",
        [
          [
            "F1",
            204.82973504973322
          ],
          [
            "F2",
            614.4892051491996
          ],
          [
            "F3",
            1024.148675248666
          ],
          [
            "F4",
            1433.8081453481325
          ],
          [
            "F5",
            1843.4676154475987
          ]
        ]
      ],
      [
        "NodeKey(1, 2)",
        "381.23347507678193Hz",
        "799.9999999999998 cents",
        [
          [
            "F1",
            188.4526280661495
          ],
          [
            "F2",
            565.3578841984485
          ],
          [
            "F3",
            942.2631403307473
          ],
          [
            "F4",
            1319.1683964630463
          ],
          [
            "F5",
            1696.0736525953453
          ]
        ]
      ]
    ]
  ],
  [
    [
      393.0,
      873.0
    ],
    [
      [
        "NodeKey(0, 0)",
        "159.4076959510764Hz",
        "491.4810826274373 cents",
        [
          [
            "F1",
            322.0596112142667
          ],
          [
            "F2",
            966.1788336428
          ],
          [
            "F3",
            1610.2980560713333
          ],
          [
            "F4",
            2254.417278499867
          ],
          [
            "F5",
            2898.5365009284
          ]
        ]
      ],
      [
        "NodeKey(0, 1)",
        "191.57923156025817Hz",
        "809.7449505626737 cents",
        [
          [
            "F1",
            280.8245657576007
          ],
          [
            "F2",
            842.4736972728022
          ],
          [
            "F3",
            1404.1228287880035
          ],
          [
            "F4",
            1965.7719603032049
          ],
          [
            "F5",
            2527.4210918184062
          ]
        ]
      ],
      [
        "NodeKey(0, 2)",
        "240.01984823368608Hz",
        "1200 cents",
        [
          [
            "F1",
            248.95012576314744
          ],
          [
            "F2",
            746.8503772894423
          ],
          [
            "F3",
            1244.7506288157372
          ],
          [
            "F4",
            1742.650880342032
          ],
          [
            "F5",
            2240.551131868327
          ]
        ]
      ],
      [
        "NodeKey(1, 0)",
        "318.8153919021528Hz",
        "491.4810826274373 cents",
        [
          [
            "F1",
            212.83454102682103
          ],
          [
            "F2",
            638.5036230804632
          ],
          [
            "F3",
            1064.1727051341052
          ],
          [
            "F4",
            1489.8417871877473
          ],
          [
            "F5",
            1915.5108692413894
          ]
        ]
      ],
      [
        "NodeKey(1, 1)",
        "383.15846312051633Hz",
        "809.7449505626737 cents",
        [
          [
            "F1",
            194.0085400816895
          ],
          [
            "F2",
            582.0256202450685
          ],
          [
            "F3",
            970.0427004084474
          ],
          [
            "F4",
            1358.0597805718264
          ],
          [
            "F5",
            1746.0768607352054
          ]
        ]
      ],
      [
        "NodeKey(1, 2)",
        "480.03969646737215Hz",
        "1200 cents",
        [
          [
            "F1",
            178.24234646126845
          ],
          [
            "F2",
            534.7270393838054
          ],
          [
            "F3",
            891.2117323063422
          ],
          [
            "F4",
            1247.6964252288792
          ],
          [
            "F5",
            1604.181118151416
          ]
        ]
      ]
    ]
  ],
  [
    [
      412.0,
      915.0
    ],
    [
      [
        "NodeKey(0, 0)",
        "120.00992411684302Hz",
        "0 cents",
        [
          [
            "F1",
            305.4250528539972
          ],
          [
            "F2",
            916.2751585619917
          ],
          [
            "F3",
            1527.125264269986
          ],
          [
            "F4",
            2137.975369977981
          ],
          [
            "F5",
            2748.825475685975
          ]
        ]
      ],
      [
        "NodeKey(0, 1)",
        "151.20302959109694Hz",
        "400.00000000000006 cents",
        [
          [
            "F1",
            269.517316830488
          ],
          [
            "F2",
            808.5519504914641
          ],
          [
            "F3",
            1347.58658415244
          ],
          [
            "F4",
            1886.6212178134163
          ],
          [
            "F5",
            2425.6558514743924
          ]
        ]
      ],
      [
        "NodeKey(0, 2)",
        "190.5038797897004Hz",
        "799.9999999999998 cents",
        [
          [
            "F1",
            241.16446887134666
          ],
          [
            "F2",
            723.4934066140399
          ],
          [
            "F3",
            1205.822344356733
          ],
          [
            "F4",
            1688.1512820994265
          ],
          [
            "F5",
            2170.48021984212
          ]
        ]
      ],
      [
        "NodeKey(1, 0)",
        "240.01984823368605Hz",
        "0 cents",
        [
          [
            "F1",
            207.96727882890045
          ],
          [
            "F2",
            623.9018364867013
          ],
          [
            "F3",
            1039.8363941445023
          ],
          [
            "F4",
            1455.7709518023032
          ],
          [
            "F5",
            1871.705509460104
          ]
        ]
      ],
      [
        "NodeKey(1, 1)",
        "302.40605918219387Hz",
        "400.00000000000006 cents",
        [
          [
            "F1",
            190.6701357896781
          ],
          [
            "F2",
            572.0104073690344
          ],
          [
            "F3",
            953.3506789483905
          ],
          [
            "F4",
            1334.6909505277467
          ],
          [
            "F5",
            1716.0312221071028
          ]
        ]
      ],
      [
        "NodeKey(1, 2)",
        "381.0077595794008Hz",
        "799.9999999999998 cents",
        [
          [
            "F1",
            176.02934793373873
          ],
          [
            "F2",
            528.0880438012163
          ],
          [
            "F3",
            880.1467396686936
          ],
          [
            "F4",
            1232.205435536171
          ],
          [
            "F5",
            1584.2641314036487
          ]
        ]
      ]
    ]
  ],
  [
    [
      414.0,
      896.0
    ],
    [
      [
        "NodeKey(0, 0)",
        "159.45217354481272Hz",
        "491.4810826274373 cents",
        [
          [
            "F1",
            317.49039414329206
          ],
          [
            "F2",
            952.4711824298762
          ],
          [
            "F3",
            1587.4519707164602
          ],
          [
            "F4",
            2222.4327590030443
          ],
          [
            "F5",
            2857.4135472896282
          ]
        ]
      ],
      [
        "NodeKey(0, 1)",
        "191.63268558692118Hz",
        "809.7449505626737 cents",
        [
          [
            "F1",
            278.20681946495756
          ],
          [
            "F2",
            834.6204583948728
          ],
          [
            "F3",
            1391.0340973247878
          ],
          [
            "F4",
            1947.447736254703
          ],
          [
            "F5",
            2503.8613751846183
          ]
        ]
      ],
      [
        "NodeKey(0, 2)",
        "240.086818057412Hz",
        "1200 cents",
        [
          [
            "F1",
            247.57409588209535
          ],
          [
            "F2",
            742.7222876462861
          ],
          [
            "F3",
            1237.8704794104767
          ],
          [
            "F4",
            1733.0186711746674
          ],
          [
            "F5",
            2228.1668629388582
          ]
        ]
      ],
      [
        "NodeKey(1, 0)",
        "319.0003291094331Hz",
        "491.4810826274373 cents",
        [
          [
            "F1",
            212.3308485150459
          ],
          [
            "F2",
            636.9925455451378
          ],
          [
            "F3",
            1061.6542425752295
          ],
          [
            "F4",
            1486.3159396053213
          ],
          [
            "F5",
            1910.977636635413
          ]
        ]
      ],
      [
        "NodeKey(1, 1)",
        "383.3807242092692Hz",
        "809.7449505626737 cents",
        [
          [
            "F1",
            194.00983555839994
          ],
          [
            "F2",
            582.0295066751999
          ],
          [
            "F3",
            970.0491777919997
          ],
          [
            "F4",
            1358.0688489087995
          ],
          [
            "F5",
            1746.0885200255993
          ]
        ]
      ],
      [
        "NodeKey(1, 2)",
        "480.31815604963606Hz",
        "1200 cents",
        [
          [
            "F1",
            178.59935203443135
          ],
          [
            "F2",
            535.798056103294
          ],
          [
            "F3",
            892.9967601721567
          ],
          [
            "F4",
            1250.1954642410194
          ],
          [
            "F5",
            1607.3941683098822
          ]
        ]
      ]
    ]
  ],
  [
    [
      768.0,
      1024.0
    ],
    [
      [
        "NodeKey(0, 0)",
        "120.0685227126032Hz",
        "0 cents",
        [
          [
            "F1",
            498.0825526932086
          ],
          [
            "F2",
            1494.2476580796258
          ],
          [
            "F3",
            2490.412763466043
          ],
          [
            "F4",
            3486.57786885246
          ],
          [
            "F5",
            4482.742974238878
          ]
        ]
      ],
      [
        "NodeKey(0, 1)",
        "151.27685919538945Hz",
        "400.00000000000006 cents",
        [
          [
            "F1",
            407.29210561466397
          ],
          [
            "F2",
            1221.8763168439918
          ],
          [
            "F3",
            2036.4605280733197
          ],
          [
            "F4",
            2851.044739302648
          ],
          [
            "F5",
            3665.6289505319755
          ]
        ]
      ],
      [
        "NodeKey(0, 2)",
        "190.59689926225394Hz",
        "799.9999999999998 cents",
        [
          [
            "F1",
            344.49718654951766
          ],
          [
            "F2",
            1033.491559648553
          ],
          [
            "F3",
            1722.4859327475883
          ],
          [
            "F4",
            2411.4803058466237
          ],
          [
            "F5",
            3100.474678945659
          ]
        ]
      ],
      [
        "NodeKey(1, 0)",
        "240.1370454252064Hz",
        "0 cents",
        [
          [
            "F1",
            279.64110536555046
          ],
          [
            "F2",
            838.9233160966514
          ],
          [
            "F3",
            1398.2055268277522
          ],
          [
            "F4",
            1957.4877375588533
          ],
          [
            "F5",
            2516.769948289954
          ]
        ]
      ],
      [
        "NodeKey(1, 1)",
        "302.5537183907789Hz",
        "400.00000000000006 cents",
        [
          [
            "F1",
            248.5365429189658
          ],
          [
            "F2",
            745.6096287568975
          ],
          [
            "F3",
            1242.6827145948291
          ],
          [
            "F4",
            1739.7558004327607
          ],
          [
            "F5",
            2236.8288862706922
          ]
        ]
      ],
      [
        "NodeKey(1, 2)",
        "381.1937985245079Hz",
        "799.9999999999998 cents",
        [
          [
            "F1",
            223.65889788561697
          ],
          [
            "F2",
            670.9766936568509
          ],
          [
            "F3",
            1118.2944894280847
          ],
          [
            "F4",
            1565.6122851993186
          ],
          [
            "F5",
            2012.9300809705526
          ]
        ]
      ]
    ]
  ],
  [
    [
      810.0,
      1080.0
    ],
    [
      [
        "NodeKey(0, 0)",
        "159.40769595107636Hz",
        "491.4810826274373 cents",
        [
          [
            "F1",
            476.44649795232607
          ],
          [
            "F2",
            1429.3394938569782
          ],
          [
            "F3",
            2382.23248976163
          ],
          [
            "F4",
            3335.1254856662827
          ],
          [
            "F5",
            4288.0184815709345
          ]
        ]
      ],
      [
        "NodeKey(0, 1)",
        "191.57923156025814Hz",
        "809.7449505626737 cents",
        [
          [
            "F1",
            386.6295529895799
          ],
          [
            "F2",
            1159.8886589687397
          ],
          [
            "F3",
            1933.1477649478995
          ],
          [
            "F4",
            2706.4068709270596
          ],
          [
            "F5",
            3479.665976906219
          ]
        ]
      ],
      [
        "NodeKey(0, 2)",
        "240.01984823368605Hz",
        "1200 cents",
        [
          [
            "F1",
            325.304942128122
          ],
          [
            "F2",
            975.9148263843659
          ],
          [
            "F3",
            1626.5247106406098
          ],
          [
            "F4",
            2277.1345948968537
          ],
          [
            "F5",
            2927.7444791530975
          ]
        ]
      ],
      [
        "NodeKey(1, 0)",
        "318.8153919021527Hz",
        "491.4810826274373 cents",
        [
          [
            "F1",
            264.03949389921365
          ],
          [
            "F2",
            792.118481697641
          ],
          [
            "F3",
            1320.1974694960682
          ],
          [
            "F4",
            1848.2764572944955
          ],
          [
            "F5",
            2376.3554450929228
          ]
        ]
      ],
      [
        "NodeKey(1, 1)",
        "383.1584631205163Hz",
        "809.7449505626737 cents",
        [
          [
            "F1",
            233.92382948147738
          ],
          [
            "F2",
            701.7714884444322
          ],
          [
            "F3",
            1169.619147407387
          ],
          [
            "F4",
            1637.4668063703418
          ],
          [
            "F5",
            2105.3144653332965
          ]
        ]
      ],
      [
        "NodeKey(1, 2)",
        "480.0396964673721Hz",
        "1200 cents",
        [
          [
            "F1",
            209.97466065410217
          ],
          [
            "F2",
            629.9239819623066
          ],
          [
            "F3",
            1049.8733032705109
          ],
          [
            "F4",
            1469.8226245787152
          ],
          [
            "F5",
            1889.7719458869194
          ]
        ]
      ]
    ]
  ],
  [
    [
      820.0,
      1180.0
    ],
    [
      [
        "NodeKey(0, 0)",
        "120.06077577960441Hz",
        "0 cents",
        [
          [
            "F1",
            376.76024721102175
          ],
          [
            "F2",
            1130.2807416330654
          ],
          [
            "F3",
            1883.8012360551088
          ],
          [
            "F4",
            2637.3217304771524
          ],
          [
            "F5",
            3390.842224899196
          ]
        ]
      ],
      [
        "NodeKey(0, 1)",
        "151.26709867143217Hz",
        "400.00000000000006 cents",
        [
          [
            "F1",
            315.3830353257848
          ],
          [
            "F2",
            946.1491059773545
          ],
          [
            "F3",
            1576.915176628924
          ],
          [
            "F4",
            2207.6812472804936
          ],
          [
            "F5",
            2838.447317932063
          ]
        ]
      ],
      [
        "NodeKey(0, 2)",
        "190.58460177266215Hz",
        "799.9999999999998 cents",
        [
          [
            "F1",
            271.20208028001446
          ],
          [
            "F2",
            813.6062408400434
          ],
          [
            "F3",
            1356.0104014000722
          ],
          [
            "F4",
            1898.414561960101
          ],
          [
            "F5",
            2440.81872252013
          ]
        ]
      ],
      [
        "NodeKey(1, 0)",
        "240.12155155920883Hz",
        "0 cents",
        [
          [
            "F1",
            225.2651887844056
          ],
          [
            "F2",
            675.7955663532168
          ],
          [
            "F3",
            1126.325943922028
          ],
          [
            "F4",
            1576.8563214908393
          ],
          [
            "F5",
            2027.3866990596505
          ]
        ]
      ],
      [
        "NodeKey(1, 1)",
        "302.53419734286433Hz",
        "400.00000000000006 cents",
        [
          [
            "F1",
            201.78572000625527
          ],
          [
            "F2",
            605.3571600187659
          ],
          [
            "F3",
            1008.9286000312762
          ],
          [
            "F4",
            1412.5000400437868
          ],
          [
            "F5",
            1816.0714800562973
          ]
        ]
      ],
      [
        "NodeKey(1, 2)",
        "381.1692035453243Hz",
        "799.9999999999998 cents",
        [
          [
            "F1",
            182.73879228853352
          ],
          [
            "F2",
            548.2163768656005
          ],
          [
            "F3",
            913.6939614426675
          ],
          [
            "F4",
            1279.1715460197345
          ],
          [
            "F5",
            1644.6491305968016
          ]
        ]
      ]
    ]
  ],
  [
    [
      1280.0,
      800.0
    ],
    [
      [
        "NodeKey(0, 0)",
        "159.4388302666918Hz",
        "491.4810826274373 cents",
        [
          [
            "F1",
            303.0306730106045
          ],
          [
            "F2",
            909.0920190318136
          ],
          [
            "F3",
            1515.1533650530225
          ],
          [
            "F4",
            2121.2147110742317
          ],
          [
            "F5",
            2727.2760570954406
          ]
        ]
      ],
      [
        "NodeKey(0, 1)",
        "191.61664937892226Hz",
        "809.7449505626737 cents",
        [
          [
            "F1",
            255.96719983158357
          ],
          [
            "F2",
            767.9015994947507
          ],
          [
            "F3",
            1279.8359991579177
          ],
          [
            "F4",
            1791.770398821085
          ],
          [
            "F5",
            2303.704798484252
          ]
        ]
      ],
      [
        "NodeKey(0, 2)",
        "240.06672711029418Hz",
        "1200 cents",
        [
          [
            "F1",
            221.5572973093693
          ],
          [
            "F2",
            664.6718919281079
          ],
          [
            "F3",
            1107.7864865468464
          ],
          [
            "F4",
            1550.901081165585
          ],
          [
            "F5",
            1994.0156757843235
          ]
        ]
      ],
      [
        "NodeKey(1, 0)",
        "318.88716383698596Hz",
        "491.4810826274373 cents",
        [
          [
            "F1",
            185.29651809508567
          ],
          [
            "F2",
            555.8895542852571
          ],
          [
            "F3",
            926.4825904754284
          ],
          [
            "F4",
            1297.0756266655999
          ],
          [
            "F5",
            1667.6686628557711
          ]
        ]
      ],
      [
        "NodeKey(1, 1)",
        "383.2447200106928Hz",
        "809.7449505626737 cents",
        [
          [
            "F1",
            166.5692218116307
          ],
          [
            "F2",
            499.7076654348922
          ],
          [
            "F3",
            832.8461090581535
          ],
          [
            "F4",
            1165.984552681415
          ],
          [
            "F5",
            1499.1229963046765
          ]
        ]
      ],
      [
        "NodeKey(1, 2)",
        "480.1477633257714Hz",
        "1200 cents",
        [
          [
            "F1",
            151.27987346730805
          ],
          [
            "F2",
            453.83962040192415
          ],
          [
            "F3",
            756.3993673365402
          ],
          [
            "F4",
            1058.9591142711563
          ],
          [
            "F5",
            1361.5188612057725
          ]
        ]
      ]
    ]
  ],
  [
    [
      800.0,
      1280.0
    ],
    [
      [
        "NodeKey(0, 0)",
        "120.03336355514709Hz",
        "0 cents",
        [
          [
            "F1",
            300.34465759368607
          ],
          [
            "F2",
            901.0339727810583
          ],
          [
            "F3",
            1501.7232879684304
          ],
          [
            "F4",
            2102.4126031558026
          ],
          [
            "F5",
            2703.101918343175
          ]
        ]
      ],
      [
        "NodeKey(0, 1)",
        "151.23256143281392Hz",
        "400.00000000000006 cents",
        [
          [
            "F1",
            255.75991401012917
          ],
          [
            "F2",
            767.2797420303875
          ],
          [
            "F3",
            1278.7995700506458
          ],
          [
            "F4",
            1790.3193980709043
          ],
          [
            "F5",
            2301.8392260911623
          ]
        ]
      ],
      [
        "NodeKey(0, 2)",
        "190.5410875787218Hz",
        "799.9999999999997 cents",
        [
          [
            "F1",
            222.7010035601188
          ],
          [
            "F2",
            668.1030106803564
          ],
          [
            "F3",
            1113.505017800594
          ],
          [
            "F4",
            1558.9070249208316
          ],
          [
            "F5",
            2004.3090320410693
          ]
        ]
      ],
      [
        "NodeKey(1, 0)",
        "240.0738816628857Hz",
        "0 cents",
        [
          [
            "F1",
            187.4335475695256
          ],
          [
            "F2",
            562.3006427085768
          ],
          [
            "F3",
            937.1677378476279
          ],
          [
            "F4",
            1312.0348329866792
          ],
          [
            "F5",
            1686.9019281257304
          ]
        ]
      ],
      [
        "NodeKey(1, 1)",
        "302.47413703704046Hz",
        "399.9999999999997 cents",
        [
          [
            "F1",
            169.04362093361718
          ],
          [
            "F2",
            507.13086280085156
          ],
          [
            "F3",
            845.2181046680859
          ],
          [
            "F4",
            1183.3053465353203
          ],
          [
            "F5",
            1521.3925884025546
          ]
        ]
      ],
      [
        "NodeKey(1, 2)",
        "381.0935323017538Hz",
        "799.9999999999998 cents",
        [
          [
            "F1",
            153.9399025689436
          ],
          [
            "F2",
            461.81970770683085
          ],
          [
            "F3",
            769.699512844718
          ],
          [
            "F4",
            1077.5793179826053
          ],
          [
            "F5",
            1385.4591231204924
          ]
        ]
      ]
    ]
  ]
]
