---
source: crates/common/src/instrument/config/node.rs
expression: data
---
[
  [
    [
      1920.0,
      1080.0
    ],
    [
      [
        [
          0,
          0
        ],
        [
          [
            1,
            472.62500000000006
          ],
          [
            2,
            1417.8750000000002
          ],
          [
            3,
            2363.125
          ],
          [
            4,
            3308.3750000000005
          ],
          [
            5,
            4253.625
          ]
        ]
      ],
      [
        [
          0,
          1
        ],
        [
          [
            1,
            144.22065284927717
          ],
          [
            2,
            432.66195854783155
          ],
          [
            3,
            721.1032642463858
          ],
          [
            4,
            1009.5445699449402
          ],
          [
            5,
            1297.9858756434946
          ]
        ]
      ],
      [
        [
          0,
          2
        ],
        [
          [
            1,
            85.09336929457605
          ],
          [
            2,
            255.2801078837282
          ],
          [
            3,
            425.46684647288026
          ],
          [
            4,
            595.6535850620324
          ],
          [
            5,
            765.8403236511845
          ]
        ]
      ],
      [
        [
          0,
          3
        ],
        [
          [
            1,
            60.350852287126045
          ],
          [
            2,
            181.05255686137815
          ],
          [
            3,
            301.7542614356302
          ],
          [
            4,
            422.45596600988233
          ],
          [
            5,
            543.1576705841344
          ]
        ]
      ],
      [
        [
          0,
          4
        ],
        [
          [
            1,
            46.75573288305224
          ],
          [
            2,
            140.26719864915674
          ],
          [
            3,
            233.7786644152612
          ],
          [
            4,
            327.29013018136567
          ],
          [
            5,
            420.80159594747016
          ]
        ]
      ],
      [
        [
          1,
          0
        ],
        [
          [
            1,
            35.03062969052414
          ],
          [
            2,
            105.09188907157241
          ],
          [
            3,
            175.15314845262066
          ],
          [
            4,
            245.21440783366896
          ],
          [
            5,
            315.2756672147172
          ]
        ]
      ],
      [
        [
          1,
          1
        ],
        [
          [
            1,
            29.97204455696537
          ],
          [
            2,
            89.91613367089612
          ],
          [
            3,
            149.86022278482685
          ],
          [
            4,
            209.8043118987576
          ],
          [
            5,
            269.7484010126883
          ]
        ]
      ],
      [
        [
          1,
          2
        ],
        [
          [
            1,
            26.19007627238961
          ],
          [
            2,
            78.57022881716884
          ],
          [
            3,
            130.95038136194805
          ],
          [
            4,
            183.33053390672728
          ],
          [
            5,
            235.7106864515065
          ]
        ]
      ],
      [
        [
          1,
          3
        ],
        [
          [
            1,
            23.255609241823798
          ],
          [
            2,
            69.76682772547139
          ],
          [
            3,
            116.27804620911898
          ],
          [
            4,
            162.78926469276658
          ],
          [
            5,
            209.30048317641416
          ]
        ]
      ],
      [
        [
          1,
          4
        ],
        [
          [
            1,
            20.912471432382898
          ],
          [
            2,
            62.737414297148696
          ],
          [
            3,
            104.56235716191449
          ],
          [
            4,
            146.3873000266803
          ],
          [
            5,
            188.21224289144607
          ]
        ]
      ],
      [
        [
          2,
          0
        ],
        [
          [
            1,
            18.189407847752996
          ],
          [
            2,
            54.568223543258995
          ],
          [
            3,
            90.94703923876499
          ],
          [
            4,
            127.32585493427098
          ],
          [
            5,
            163.70467062977696
          ]
        ]
      ],
      [
        [
          2,
          1
        ],
        [
          [
            1,
            16.72379846694909
          ],
          [
            2,
            50.17139540084728
          ],
          [
            3,
            83.61899233474546
          ],
          [
            4,
            117.06658926864365
          ],
          [
            5,
            150.51418620254182
          ]
        ]
      ],
      [
        [
          2,
          2
        ],
        [
          [
            1,
            15.476760337660505
          ],
          [
            2,
            46.43028101298152
          ],
          [
            3,
            77.38380168830253
          ],
          [
            4,
            108.33732236362354
          ],
          [
            5,
            139.29084303894453
          ]
        ]
      ],
      [
        [
          2,
          3
        ],
        [
          [
            1,
            14.402791958082421
          ],
          [
            2,
            43.20837587424727
          ],
          [
            3,
            72.0139597904121
          ],
          [
            4,
            100.81954370657695
          ],
          [
            5,
            129.6251276227418
          ]
        ]
      ],
      [
        [
          2,
          4
        ],
        [
          [
            1,
            13.468202103769176
          ],
          [
            2,
            40.40460631130753
          ],
          [
            3,
            67.34101051884588
          ],
          [
            4,
            94.27741472638424
          ],
          [
            5,
            121.21381893392258
          ]
        ]
      ]
    ]
  ],
  [
    [
      1366.0,
      768.0
    ],
    [
      [
        [
          0,
          0
        ],
        [
          [
            1,
            472.62500000000006
          ],
          [
            2,
            1417.8750000000002
          ],
          [
            3,
            2363.125
          ],
          [
            4,
            3308.3750000000005
          ],
          [
            5,
            4253.625
          ]
        ]
      ],
      [
        [
          0,
          1
        ],
        [
          [
            1,
            140.64259740949097
          ],
          [
            2,
            421.9277922284729
          ],
          [
            3,
            703.2129870474548
          ],
          [
            4,
            984.4981818664369
          ],
          [
            5,
            1265.7833766854187
          ]
        ]
      ],
      [
        [
          0,
          2
        ],
        [
          [
            1,
            82.61321905149069
          ],
          [
            2,
            247.8396571544721
          ],
          [
            3,
            413.06609525745347
          ],
          [
            4,
            578.2925333604348
          ],
          [
            5,
            743.5189714634162
          ]
        ]
      ],
      [
        [
          0,
          3
        ],
        [
          [
            1,
            58.48302289679098
          ],
          [
            2,
            175.44906869037294
          ],
          [
            3,
            292.4151144839549
          ],
          [
            4,
            409.3811602775369
          ],
          [
            5,
            526.3472060711188
          ]
        ]
      ],
      [
        [
          0,
          4
        ],
        [
          [
            1,
            45.26247143239001
          ],
          [
            2,
            135.78741429717005
          ],
          [
            3,
            226.31235716195005
          ],
          [
            4,
            316.8373000267301
          ],
          [
            5,
            407.3622428915101
          ]
        ]
      ],
      [
        [
          1,
          0
        ],
        [
          [
            1,
            33.882046004175784
          ],
          [
            2,
            101.64613801252736
          ],
          [
            3,
            169.4102300208789
          ],
          [
            4,
            237.1743220292305
          ],
          [
            5,
            304.93841403758205
          ]
        ]
      ],
      [
        [
          1,
          1
        ],
        [
          [
            1,
            28.97833805303635
          ],
          [
            2,
            86.93501415910906
          ],
          [
            3,
            144.89169026518175
          ],
          [
            4,
            202.84836637125446
          ],
          [
            5,
            260.80504247732716
          ]
        ]
      ],
      [
        [
          1,
          2
        ],
        [
          [
            1,
            25.31458803582141
          ],
          [
            2,
            75.94376410746423
          ],
          [
            3,
            126.57294017910704
          ],
          [
            4,
            177.20211625074987
          ],
          [
            5,
            227.83129232239267
          ]
        ]
      ],
      [
        [
          1,
          3
        ],
        [
          [
            1,
            22.473277083151217
          ],
          [
            2,
            67.41983124945365
          ],
          [
            3,
            112.36638541575608
          ],
          [
            4,
            157.31293958205853
          ],
          [
            5,
            202.25949374836094
          ]
        ]
      ],
      [
        [
          1,
          4
        ],
        [
          [
            1,
            20.205419525314085
          ],
          [
            2,
            60.61625857594226
          ],
          [
            3,
            101.02709762657042
          ],
          [
            4,
            141.4379366771986
          ],
          [
            5,
            181.84877572782676
          ]
        ]
      ]
    ]
  ],
  [
    [
      1536.0,
      864.0
    ],
    [
      [
        [
          0,
          0
        ],
        [
          [
            1,
            472.62500000000006
          ],
          [
            2,
            1417.8750000000002
          ],
          [
            3,
            2363.125
          ],
          [
            4,
            3308.3750000000005
          ],
          [
            5,
            4253.625
          ]
        ]
      ],
      [
        [
          0,
          1
        ],
        [
          [
            1,
            129.05556087591992
          ],
          [
            2,
            387.1666826277598
          ],
          [
            3,
            645.2778043795996
          ],
          [
            4,
            903.3889261314396
          ],
          [
            5,
            1161.5000478832794
          ]
        ]
      ],
      [
        [
          0,
          2
        ],
        [
          [
            1,
            74.73082581209432
          ],
          [
            2,
            224.192477436283
          ],
          [
            3,
            373.65412906047163
          ],
          [
            4,
            523.1157806846603
          ],
          [
            5,
            672.577432308849
          ]
        ]
      ],
      [
        [
          0,
          3
        ],
        [
          [
            1,
            52.59250232134777
          ],
          [
            2,
            157.7775069640433
          ],
          [
            3,
            262.9625116067388
          ],
          [
            4,
            368.1475162494344
          ],
          [
            5,
            473.33252089212993
          ]
        ]
      ],
      [
        [
          0,
          4
        ],
        [
          [
            1,
            40.57309430592412
          ],
          [
            2,
            121.71928291777238
          ],
          [
            3,
            202.8654715296206
          ],
          [
            4,
            284.01166014146884
          ],
          [
            5,
            365.15784875331707
          ]
        ]
      ],
      [
        [
          1,
          0
        ],
        [
          [
            1,
            30.2881648942229
          ],
          [
            2,
            90.86449468266869
          ],
          [
            3,
            151.44082447111447
          ],
          [
            4,
            212.01715425956027
          ],
          [
            5,
            272.5934840480061
          ]
        ]
      ],
      [
        [
          1,
          1
        ],
        [
          [
            1,
            25.873921028064096
          ],
          [
            2,
            77.6217630841923
          ],
          [
            3,
            129.36960514032046
          ],
          [
            4,
            181.11744719644867
          ],
          [
            5,
            232.86528925257684
          ]
        ]
      ],
      [
        [
          1,
          2
        ],
        [
          [
            1,
            22.582685598839294
          ],
          [
            2,
            67.74805679651789
          ],
          [
            3,
            112.91342799419648
          ],
          [
            4,
            158.07879919187508
          ],
          [
            5,
            203.24417038955366
          ]
        ]
      ],
      [
        [
          1,
          3
        ],
        [
          [
            1,
            20.034270162124937
          ],
          [
            2,
            60.10281048637481
          ],
          [
            3,
            100.17135081062467
          ],
          [
            4,
            140.23989113487454
          ],
          [
            5,
            180.30843145912442
          ]
        ]
      ],
      [
        [
          1,
          4
        ],
        [
          [
            1,
            18.002698076515344
          ],
          [
            2,
            54.00809422954603
          ],
          [
            3,
            90.01349038257672
          ],
          [
            4,
            126.01888653560741
          ],
          [
            5,
            162.0242826886381
          ]
        ]
      ]
    ]
  ],
  [
    [
      1280.0,
      720.0
    ],
    [
      [
        [
          0,
          0
        ],
        [
          [
            1,
            472.62500000000006
          ],
          [
            2,
            1417.8750000000002
          ],
          [
            3,
            2363.125
          ],
          [
            4,
            3308.3750000000005
          ],
          [
            5,
            4253.625
          ]
        ]
      ],
      [
        [
          0,
          1
        ],
        [
          [
            1,
            147.3345004284346
          ],
          [
            2,
            442.0035012853038
          ],
          [
            3,
            736.672502142173
          ],
          [
            4,
            1031.3415029990422
          ],
          [
            5,
            1326.0105038559113
          ]
        ]
      ],
      [
        [
          0,
          2
        ],
        [
          [
            1,
            87.26985288840527
          ],
          [
            2,
            261.80955866521583
          ],
          [
            3,
            436.3492644420263
          ],
          [
            4,
            610.8889702188369
          ],
          [
            5,
            785.4286759956474
          ]
        ]
      ],
      [
        [
          0,
          3
        ],
        [
          [
            1,
            61.99572324053748
          ],
          [
            2,
            185.98716972161245
          ],
          [
            3,
            309.97861620268736
          ],
          [
            4,
            433.97006268376236
          ],
          [
            5,
            557.9615091648373
          ]
        ]
      ],
      [
        [
          0,
          4
        ],
        [
          [
            1,
            48.073273443724354
          ],
          [
            2,
            144.21982033117305
          ],
          [
            3,
            240.36636721862175
          ],
          [
            4,
            336.51291410607047
          ],
          [
            5,
            432.6594609935192
          ]
        ]
      ],
      [
        [
          1,
          0
        ],
        [
          [
            1,
            36.04573141750407
          ],
          [
            2,
            108.13719425251223
          ],
          [
            3,
            180.22865708752036
          ],
          [
            4,
            252.3201199225285
          ],
          [
            5,
            324.4115827575367
          ]
        ]
      ],
      [
        [
          1,
          1
        ],
        [
          [
            1,
            30.850895329089777
          ],
          [
            2,
            92.55268598726934
          ],
          [
            3,
            154.25447664544888
          ],
          [
            4,
            215.95626730362844
          ],
          [
            5,
            277.65805796180797
          ]
        ]
      ],
      [
        [
          1,
          2
        ],
        [
          [
            1,
            26.96478623535706
          ],
          [
            2,
            80.89435870607119
          ],
          [
            3,
            134.8239311767853
          ],
          [
            4,
            188.75350364749943
          ],
          [
            5,
            242.68307611821353
          ]
        ]
      ],
      [
        [
          1,
          3
        ],
        [
          [
            1,
            23.94817318132718
          ],
          [
            2,
            71.84451954398155
          ],
          [
            3,
            119.7408659066359
          ],
          [
            4,
            167.63721226929027
          ],
          [
            5,
            215.53355863194463
          ]
        ]
      ],
      [
        [
          1,
          4
        ],
        [
          [
            1,
            21.538600127659446
          ],
          [
            2,
            64.61580038297834
          ],
          [
            3,
            107.69300063829722
          ],
          [
            4,
            150.77020089361613
          ],
          [
            5,
            193.847401148935
          ]
        ]
      ]
    ]
  ],
  [
    [
      1440.0,
      900.0
    ],
    [
      [
        [
          0,
          0
        ],
        [
          [
            1,
            472.62500000000006
          ],
          [
            2,
            1417.8750000000002
          ],
          [
            3,
            2363.125
          ],
          [
            4,
            3308.3750000000005
          ],
          [
            5,
            4253.625
          ]
        ]
      ],
      [
        [
          0,
          1
        ],
        [
          [
            1,
            135.3527219683668
          ],
          [
            2,
            406.05816590510045
          ],
          [
            3,
            676.7636098418341
          ],
          [
            4,
            947.4690537785677
          ],
          [
            5,
            1218.1744977153014
          ]
        ]
      ],
      [
        [
          0,
          2
        ],
        [
          [
            1,
            78.98665911777613
          ],
          [
            2,
            236.95997735332838
          ],
          [
            3,
            394.9332955888806
          ],
          [
            4,
            552.9066138244328
          ],
          [
            5,
            710.8799320599851
          ]
        ]
      ],
      [
        [
          0,
          3
        ],
        [
          [
            1,
            55.764276415971565
          ],
          [
            2,
            167.2928292479147
          ],
          [
            3,
            278.8213820798578
          ],
          [
            4,
            390.349934911801
          ],
          [
            5,
            501.8784877437441
          ]
        ]
      ],
      [
        [
          0,
          4
        ],
        [
          [
            1,
            43.094366347674445
          ],
          [
            2,
            129.28309904302333
          ],
          [
            3,
            215.4718317383722
          ],
          [
            4,
            301.6605644337211
          ],
          [
            5,
            387.84929712906995
          ]
        ]
      ],
      [
        [
          1,
          0
        ],
        [
          [
            1,
            32.21797525395964
          ],
          [
            2,
            96.65392576187891
          ],
          [
            3,
            161.08987626979817
          ],
          [
            4,
            225.52582677771744
          ],
          [
            5,
            289.9617772856367
          ]
        ]
      ],
      [
        [
          1,
          1
        ],
        [
          [
            1,
            27.539988756783366
          ],
          [
            2,
            82.6199662703501
          ],
          [
            3,
            137.69994378391684
          ],
          [
            4,
            192.77992129748355
          ],
          [
            5,
            247.8598988110503
          ]
        ]
      ],
      [
        [
          1,
          2
        ],
        [
          [
            1,
            24.04823276447203
          ],
          [
            2,
            72.14469829341608
          ],
          [
            3,
            120.24116382236014
          ],
          [
            4,
            168.3376293513042
          ],
          [
            5,
            216.43409488024824
          ]
        ]
      ],
      [
        [
          1,
          3
        ],
        [
          [
            1,
            21.34227595995517
          ],
          [
            2,
            64.02682787986551
          ],
          [
            3,
            106.71137979977584
          ],
          [
            4,
            149.3959317196862
          ],
          [
            5,
            192.0804836395965
          ]
        ]
      ],
      [
        [
          1,
          4
        ],
        [
          [
            1,
            19.18368779906924
          ],
          [
            2,
            57.55106339720773
          ],
          [
            3,
            95.91843899534621
          ],
          [
            4,
            134.2858145934847
          ],
          [
            5,
            172.65319019162317
          ]
        ]
      ]
    ]
  ],
  [
    [
      1600.0,
      900.0
    ],
    [
      [
        [
          0,
          0
        ],
        [
          [
            1,
            472.62500000000006
          ],
          [
            2,
            1417.8750000000002
          ],
          [
            3,
            2363.125
          ],
          [
            4,
            3308.3750000000005
          ],
          [
            5,
            4253.625
          ]
        ]
      ],
      [
        [
          0,
          1
        ],
        [
          [
            1,
            154.35728308122583
          ],
          [
            2,
            463.07184924367755
          ],
          [
            3,
            771.7864154061292
          ],
          [
            4,
            1080.500981568581
          ],
          [
            5,
            1389.2155477310325
          ]
        ]
      ],
      [
        [
          0,
          2
        ],
        [
          [
            1,
            92.24147517817737
          ],
          [
            2,
            276.72442553453214
          ],
          [
            3,
            461.2073758908868
          ],
          [
            4,
            645.6903262472416
          ],
          [
            5,
            830.1732766035963
          ]
        ]
      ],
      [
        [
          0,
          3
        ],
        [
          [
            1,
            65.77327200886192
          ],
          [
            2,
            197.31981602658578
          ],
          [
            3,
            328.8663600443096
          ],
          [
            4,
            460.4129040620335
          ],
          [
            5,
            591.9594480797573
          ]
        ]
      ],
      [
        [
          0,
          4
        ],
        [
          [
            1,
            51.1080791545341
          ],
          [
            2,
            153.32423746360232
          ],
          [
            3,
            255.54039577267048
          ],
          [
            4,
            357.7565540817387
          ],
          [
            5,
            459.97271239080686
          ]
        ]
      ],
      [
        [
          0,
          5
        ],
        [
          [
            1,
            41.79027530919387
          ],
          [
            2,
            125.37082592758163
          ],
          [
            3,
            208.95137654596937
          ],
          [
            4,
            292.5319271643571
          ],
          [
            5,
            376.11247778274486
          ]
        ]
      ],
      [
        [
          0,
          6
        ],
        [
          [
            1,
            35.34612309093596
          ],
          [
            2,
            106.03836927280788
          ],
          [
            3,
            176.7306154546798
          ],
          [
            4,
            247.42286163655172
          ],
          [
            5,
            318.1151078184236
          ]
        ]
      ],
      [
        [
          1,
          0
        ],
        [
          [
            1,
            28.644120473480356
          ],
          [
            2,
            85.93236142044107
          ],
          [
            3,
            143.22060236740177
          ],
          [
            4,
            200.5088433143625
          ],
          [
            5,
            257.7970842613232
          ]
        ]
      ],
      [
        [
          1,
          1
        ],
        [
          [
            1,
            25.462259471649116
          ],
          [
            2,
            76.38677841494736
          ],
          [
            3,
            127.31129735824557
          ],
          [
            4,
            178.23581630154382
          ],
          [
            5,
            229.16033524484203
          ]
        ]
      ],
      [
        [
          1,
          2
        ],
        [
          [
            1,
            22.916623275191316
          ],
          [
            2,
            68.74986982557395
          ],
          [
            3,
            114.58311637595659
          ],
          [
            4,
            160.41636292633922
          ],
          [
            5,
            206.24960947672187
          ]
        ]
      ],
      [
        [
          1,
          3
        ],
        [
          [
            1,
            20.83373256461416
          ],
          [
            2,
            62.50119769384248
          ],
          [
            3,
            104.16866282307079
          ],
          [
            4,
            145.8361279522991
          ],
          [
            5,
            187.50359308152744
          ]
        ]
      ],
      [
        [
          1,
          4
        ],
        [
          [
            1,
            19.097923298474548
          ],
          [
            2,
            57.293769895423644
          ],
          [
            3,
            95.48961649237273
          ],
          [
            4,
            133.68546308932181
          ],
          [
            5,
            171.88130968627092
          ]
        ]
      ],
      [
        [
          1,
          5
        ],
        [
          [
            1,
            17.629114030031875
          ],
          [
            2,
            52.88734209009563
          ],
          [
            3,
            88.14557015015937
          ],
          [
            4,
            123.40379821022313
          ],
          [
            5,
            158.66202627028687
          ]
        ]
      ],
      [
        [
          1,
          6
        ],
        [
          [
            1,
            16.370099940287975
          ],
          [
            2,
            49.11029982086393
          ],
          [
            3,
            81.85049970143987
          ],
          [
            4,
            114.59069958201583
          ],
          [
            5,
            147.33089946259176
          ]
        ]
      ]
    ]
  ],
  [
    [
      360.0,
      800.0
    ],
    [
      [
        [
          0,
          0
        ],
        [
          [
            1,
            193.3465909090909
          ],
          [
            2,
            580.0397727272727
          ],
          [
            3,
            966.7329545454546
          ],
          [
            4,
            1353.4261363636365
          ],
          [
            5,
            1740.1193181818182
          ]
        ]
      ],
      [
        [
          0,
          1
        ],
        [
          [
            1,
            103.75430809732183
          ],
          [
            2,
            311.26292429196553
          ],
          [
            3,
            518.7715404866092
          ],
          [
            4,
            726.2801566812528
          ],
          [
            5,
            933.7887728758965
          ]
        ]
      ],
      [
        [
          0,
          2
        ],
        [
          [
            1,
            70.90062068508784
          ],
          [
            2,
            212.70186205526355
          ],
          [
            3,
            354.50310342543924
          ],
          [
            4,
            496.30434479561495
          ],
          [
            5,
            638.1055861657907
          ]
        ]
      ],
      [
        [
          1,
          0
        ],
        [
          [
            1,
            48.01403787487984
          ],
          [
            2,
            144.04211362463954
          ],
          [
            3,
            240.0701893743992
          ],
          [
            4,
            336.0982651241589
          ],
          [
            5,
            432.12634087391854
          ]
        ]
      ],
      [
        [
          1,
          1
        ],
        [
          [
            1,
            39.53610365780089
          ],
          [
            2,
            118.6083109734027
          ],
          [
            3,
            197.68051828900445
          ],
          [
            4,
            276.75272560460627
          ],
          [
            5,
            355.824932920208
          ]
        ]
      ],
      [
        [
          1,
          2
        ],
        [
          [
            1,
            33.60279183316093
          ],
          [
            2,
            100.80837549948279
          ],
          [
            3,
            168.01395916580464
          ],
          [
            4,
            235.2195428321265
          ],
          [
            5,
            302.4251264984483
          ]
        ]
      ]
    ]
  ],
  [
    [
      390.0,
      844.0
    ],
    [
      [
        [
          0,
          0
        ],
        [
          [
            1,
            354.46875000000006
          ],
          [
            2,
            1063.4062500000002
          ],
          [
            3,
            1772.34375
          ],
          [
            4,
            2481.2812500000005
          ],
          [
            5,
            3190.2187500000005
          ]
        ]
      ],
      [
        [
          0,
          1
        ],
        [
          [
            1,
            130.39236713166113
          ],
          [
            2,
            391.1771013949834
          ],
          [
            3,
            651.9618356583056
          ],
          [
            4,
            912.746569921628
          ],
          [
            5,
            1173.5313041849502
          ]
        ]
      ],
      [
        [
          0,
          2
        ],
        [
          [
            1,
            79.89008421443141
          ],
          [
            2,
            239.67025264329425
          ],
          [
            3,
            399.45042107215704
          ],
          [
            4,
            559.23058950102
          ],
          [
            5,
            719.0107579298827
          ]
        ]
      ],
      [
        [
          1,
          0
        ],
        [
          [
            1,
            50.962856787274355
          ],
          [
            2,
            152.88857036182307
          ],
          [
            3,
            254.81428393637174
          ],
          [
            4,
            356.7399975109205
          ],
          [
            5,
            458.6657110854691
          ]
        ]
      ],
      [
        [
          1,
          1
        ],
        [
          [
            1,
            40.86608088522777
          ],
          [
            2,
            122.5982426556833
          ],
          [
            3,
            204.3304044261388
          ],
          [
            4,
            286.06256619659433
          ],
          [
            5,
            367.7947279670499
          ]
        ]
      ],
      [
        [
          1,
          2
        ],
        [
          [
            1,
            34.108495840579785
          ],
          [
            2,
            102.32548752173938
          ],
          [
            3,
            170.54247920289893
          ],
          [
            4,
            238.75947088405852
          ],
          [
            5,
            306.97646256521807
          ]
        ]
      ]
    ]
  ],
  [
    [
      393.0,
      873.0
    ],
    [
      [
        [
          0,
          0
        ],
        [
          [
            1,
            null
          ],
          [
            2,
            null
          ],
          [
            3,
            null
          ],
          [
            4,
            null
          ],
          [
            5,
            null
          ]
        ]
      ],
      [
        [
          0,
          1
        ],
        [
          [
            1,
            191.30442648913893
          ],
          [
            2,
            573.9132794674168
          ],
          [
            3,
            956.5221324456946
          ],
          [
            4,
            1339.1309854239726
          ],
          [
            5,
            1721.7398384022504
          ]
        ]
      ],
      [
        [
          0,
          2
        ],
        [
          [
            1,
            95.65221324456947
          ],
          [
            2,
            286.9566397337084
          ],
          [
            3,
            478.2610662228473
          ],
          [
            4,
            669.5654927119863
          ],
          [
            5,
            860.8699192011252
          ]
        ]
      ],
      [
        [
          1,
          0
        ],
        [
          [
            1,
            55.35915638330394
          ],
          [
            2,
            166.07746914991185
          ],
          [
            3,
            276.79578191651973
          ],
          [
            4,
            387.5140946831276
          ],
          [
            5,
            498.2324074497355
          ]
        ]
      ],
      [
        [
          1,
          1
        ],
        [
          [
            1,
            42.934800263187434
          ],
          [
            2,
            128.8044007895623
          ],
          [
            3,
            214.67400131593715
          ],
          [
            4,
            300.54360184231206
          ],
          [
            5,
            386.4132023686869
          ]
        ]
      ],
      [
        [
          1,
          2
        ],
        [
          [
            1,
            35.06508049336885
          ],
          [
            2,
            105.19524148010656
          ],
          [
            3,
            175.32540246684425
          ],
          [
            4,
            245.45556345358196
          ],
          [
            5,
            315.58572444031967
          ]
        ]
      ]
    ]
  ],
  [
    [
      412.0,
      915.0
    ],
    [
      [
        [
          0,
          0
        ],
        [
          [
            1,
            193.3465909090909
          ],
          [
            2,
            580.0397727272727
          ],
          [
            3,
            966.7329545454546
          ],
          [
            4,
            1353.4261363636365
          ],
          [
            5,
            1740.1193181818182
          ]
        ]
      ],
      [
        [
          0,
          1
        ],
        [
          [
            1,
            98.19544122249107
          ],
          [
            2,
            294.5863236674732
          ],
          [
            3,
            490.97720611245535
          ],
          [
            4,
            687.3680885574375
          ],
          [
            5,
            883.7589710024196
          ]
        ]
      ],
      [
        [
          0,
          2
        ],
        [
          [
            1,
            65.8090207707722
          ],
          [
            2,
            197.4270623123166
          ],
          [
            3,
            329.04510385386095
          ],
          [
            4,
            460.66314539540537
          ],
          [
            5,
            592.2811869369498
          ]
        ]
      ],
      [
        [
          1,
          0
        ],
        [
          [
            1,
            44.46219611269365
          ],
          [
            2,
            133.38658833808094
          ],
          [
            3,
            222.3109805634682
          ],
          [
            4,
            311.2353727888555
          ],
          [
            5,
            400.1597650142428
          ]
        ]
      ],
      [
        [
          1,
          1
        ],
        [
          [
            1,
            36.36002702380608
          ],
          [
            2,
            109.08008107141826
          ],
          [
            3,
            181.80013511903041
          ],
          [
            4,
            254.5201891666426
          ],
          [
            5,
            327.24024321425475
          ]
        ]
      ],
      [
        [
          1,
          2
        ],
        [
          [
            1,
            30.75556312714066
          ],
          [
            2,
            92.26668938142198
          ],
          [
            3,
            153.7778156357033
          ],
          [
            4,
            215.2889418899846
          ],
          [
            5,
            276.80006814426594
          ]
        ]
      ]
    ]
  ],
  [
    [
      414.0,
      896.0
    ],
    [
      [
        [
          0,
          0
        ],
        [
          [
            1,
            354.46875000000006
          ],
          [
            2,
            1063.4062500000002
          ],
          [
            3,
            1772.34375
          ],
          [
            4,
            2481.2812500000005
          ],
          [
            5,
            3190.2187500000005
          ]
        ]
      ],
      [
        [
          0,
          1
        ],
        [
          [
            1,
            125.83993955937363
          ],
          [
            2,
            377.51981867812094
          ],
          [
            3,
            629.1996977968681
          ],
          [
            4,
            880.8795769156155
          ],
          [
            5,
            1132.5594560343627
          ]
        ]
      ],
      [
        [
          0,
          2
        ],
        [
          [
            1,
            76.49890704735462
          ],
          [
            2,
            229.4967211420639
          ],
          [
            3,
            382.4945352367731
          ],
          [
            4,
            535.4923493314824
          ],
          [
            5,
            688.4901634261917
          ]
        ]
      ],
      [
        [
          1,
          0
        ],
        [
          [
            1,
            48.701559804737116
          ],
          [
            2,
            146.10467941421135
          ],
          [
            3,
            243.50779902368555
          ],
          [
            4,
            340.9109186331598
          ],
          [
            5,
            438.314038242634
          ]
        ]
      ],
      [
        [
          1,
          1
        ],
        [
          [
            1,
            38.97313162403209
          ],
          [
            2,
            116.91939487209628
          ],
          [
            3,
            194.86565812016045
          ],
          [
            4,
            272.81192136822466
          ],
          [
            5,
            350.7581846162888
          ]
        ]
      ],
      [
        [
          1,
          2
        ],
        [
          [
            1,
            32.484215143747605
          ],
          [
            2,
            97.45264543124283
          ],
          [
            3,
            162.42107571873802
          ],
          [
            4,
            227.38950600623326
          ],
          [
            5,
            292.35793629372847
          ]
        ]
      ]
    ]
  ],
  [
    [
      768.0,
      1024.0
    ],
    [
      [
        [
          0,
          0
        ],
        [
          [
            1,
            354.46875000000006
          ],
          [
            2,
            1063.4062500000002
          ],
          [
            3,
            1772.34375
          ],
          [
            4,
            2481.2812500000005
          ],
          [
            5,
            3190.2187500000005
          ]
        ]
      ],
      [
        [
          0,
          1
        ],
        [
          [
            1,
            115.08700026990407
          ],
          [
            2,
            345.26100080971224
          ],
          [
            3,
            575.4350013495203
          ],
          [
            4,
            805.6090018893285
          ],
          [
            5,
            1035.7830024291366
          ]
        ]
      ],
      [
        [
          0,
          2
        ],
        [
          [
            1,
            68.69531160698476
          ],
          [
            2,
            206.0859348209543
          ],
          [
            3,
            343.47655803492376
          ],
          [
            4,
            480.8671812488933
          ],
          [
            5,
            618.2578044628629
          ]
        ]
      ],
      [
        [
          1,
          0
        ],
        [
          [
            1,
            43.291927226889186
          ],
          [
            2,
            129.87578168066756
          ],
          [
            3,
            216.4596361344459
          ],
          [
            4,
            303.0434905882243
          ],
          [
            5,
            389.6273450420027
          ]
        ]
      ],
      [
        [
          1,
          1
        ],
        [
          [
            1,
            34.52210158715542
          ],
          [
            2,
            103.56630476146626
          ],
          [
            3,
            172.61050793577706
          ],
          [
            4,
            241.65471111008793
          ],
          [
            5,
            310.69891428439877
          ]
        ]
      ],
      [
        [
          1,
          2
        ],
        [
          [
            1,
            28.70683807860333
          ],
          [
            2,
            86.12051423580999
          ],
          [
            3,
            143.53419039301664
          ],
          [
            4,
            200.94786655022332
          ],
          [
            5,
            258.36154270743
          ]
        ]
      ]
    ]
  ],
  [
    [
      810.0,
      1080.0
    ],
    [
      [
        [
          0,
          0
        ],
        [
          [
            1,
            null
          ],
          [
            2,
            null
          ],
          [
            3,
            null
          ],
          [
            4,
            null
          ],
          [
            5,
            null
          ]
        ]
      ],
      [
        [
          0,
          1
        ],
        [
          [
            1,
            154.63774474538727
          ],
          [
            2,
            463.9132342361619
          ],
          [
            3,
            773.1887237269364
          ],
          [
            4,
            1082.464213217711
          ],
          [
            5,
            1391.7397027084855
          ]
        ]
      ],
      [
        [
          0,
          2
        ],
        [
          [
            1,
            77.31887237269363
          ],
          [
            2,
            231.95661711808094
          ],
          [
            3,
            386.5943618634682
          ],
          [
            4,
            541.2321066088555
          ],
          [
            5,
            695.8698513542428
          ]
        ]
      ],
      [
        [
          1,
          0
        ],
        [
          [
            1,
            44.74865140983735
          ],
          [
            2,
            134.24595422951205
          ],
          [
            3,
            223.74325704918672
          ],
          [
            4,
            313.24055986886145
          ],
          [
            5,
            402.7378626885361
          ]
        ]
      ],
      [
        [
          1,
          1
        ],
        [
          [
            1,
            34.705630212743166
          ],
          [
            2,
            104.1168906382295
          ],
          [
            3,
            173.52815106371582
          ],
          [
            4,
            242.93941148920217
          ],
          [
            5,
            312.3506719146885
          ]
        ]
      ],
      [
        [
          1,
          2
        ],
        [
          [
            1,
            28.34427339880649
          ],
          [
            2,
            85.03282019641948
          ],
          [
            3,
            141.72136699403245
          ],
          [
            4,
            198.40991379164544
          ],
          [
            5,
            255.09846058925842
          ]
        ]
      ]
    ]
  ],
  [
    [
      820.0,
      1180.0
    ],
    [
      [
        [
          0,
          0
        ],
        [
          [
            1,
            354.46875000000006
          ],
          [
            2,
            1063.4062500000002
          ],
          [
            3,
            1772.34375
          ],
          [
            4,
            2481.2812500000005
          ],
          [
            5,
            3190.2187500000005
          ]
        ]
      ],
      [
        [
          0,
          1
        ],
        [
          [
            1,
            139.32825206678922
          ],
          [
            2,
            417.9847562003677
          ],
          [
            3,
            696.6412603339461
          ],
          [
            4,
            975.2977644675246
          ],
          [
            5,
            1253.954268601103
          ]
        ]
      ],
      [
        [
          0,
          2
        ],
        [
          [
            1,
            86.7041950758331
          ],
          [
            2,
            260.1125852274993
          ],
          [
            3,
            433.5209753791655
          ],
          [
            4,
            606.9293655308318
          ],
          [
            5,
            780.3377556824979
          ]
        ]
      ],
      [
        [
          0,
          3
        ],
        [
          [
            1,
            62.93409027520263
          ],
          [
            2,
            188.8022708256079
          ],
          [
            3,
            314.67045137601315
          ],
          [
            4,
            440.5386319264184
          ],
          [
            5,
            566.4068124768237
          ]
        ]
      ],
      [
        [
          0,
          4
        ],
        [
          [
            1,
            49.39293253039924
          ],
          [
            2,
            148.17879759119774
          ],
          [
            3,
            246.9646626519962
          ],
          [
            4,
            345.75052771279474
          ],
          [
            5,
            444.5363927735932
          ]
        ]
      ],
      [
        [
          1,
          0
        ],
        [
          [
            1,
            37.23163150123556
          ],
          [
            2,
            111.69489450370668
          ],
          [
            3,
            186.1581575061778
          ],
          [
            4,
            260.6214205086489
          ],
          [
            5,
            335.08468351112003
          ]
        ]
      ],
      [
        [
          1,
          1
        ],
        [
          [
            1,
            32.035824607696014
          ],
          [
            2,
            96.10747382308804
          ],
          [
            3,
            160.17912303848007
          ],
          [
            4,
            224.2507722538721
          ],
          [
            5,
            288.3224214692641
          ]
        ]
      ],
      [
        [
          1,
          2
        ],
        [
          [
            1,
            28.112609711050514
          ],
          [
            2,
            84.33782913315154
          ],
          [
            3,
            140.56304855525255
          ],
          [
            4,
            196.7882679773536
          ],
          [
            5,
            253.01348739945462
          ]
        ]
      ],
      [
        [
          1,
          3
        ],
        [
          [
            1,
            25.04545856568529
          ],
          [
            2,
            75.13637569705588
          ],
          [
            3,
            125.22729282842644
          ],
          [
            4,
            175.31820995979703
          ],
          [
            5,
            225.40912709116762
          ]
        ]
      ],
      [
        [
          1,
          4
        ],
        [
          [
            1,
            22.581738356935446
          ],
          [
            2,
            67.74521507080634
          ],
          [
            3,
            112.90869178467722
          ],
          [
            4,
            158.0721684985481
          ],
          [
            5,
            203.235645212419
          ]
        ]
      ]
    ]
  ],
  [
    [
      1280.0,
      800.0
    ],
    [
      [
        [
          0,
          0
        ],
        [
          [
            1,
            null
          ],
          [
            2,
            null
          ],
          [
            3,
            null
          ],
          [
            4,
            null
          ],
          [
            5,
            null
          ]
        ]
      ],
      [
        [
          0,
          1
        ],
        [
          [
            1,
            208.04638621991842
          ],
          [
            2,
            624.1391586597553
          ],
          [
            3,
            1040.231931099592
          ],
          [
            4,
            1456.324703539429
          ],
          [
            5,
            1872.4174759792656
          ]
        ]
      ],
      [
        [
          0,
          2
        ],
        [
          [
            1,
            104.02319310995921
          ],
          [
            2,
            312.0695793298776
          ],
          [
            3,
            520.115965549796
          ],
          [
            4,
            728.1623517697145
          ],
          [
            5,
            936.2087379896328
          ]
        ]
      ],
      [
        [
          0,
          3
        ],
        [
          [
            1,
            69.34879540663947
          ],
          [
            2,
            208.04638621991842
          ],
          [
            3,
            346.7439770331973
          ],
          [
            4,
            485.4415678464763
          ],
          [
            5,
            624.1391586597551
          ]
        ]
      ],
      [
        [
          0,
          4
        ],
        [
          [
            1,
            52.011596554979604
          ],
          [
            2,
            156.0347896649388
          ],
          [
            3,
            260.057982774898
          ],
          [
            4,
            364.08117588485726
          ],
          [
            5,
            468.1043689948164
          ]
        ]
      ],
      [
        [
          1,
          0
        ],
        [
          [
            1,
            37.924322801712066
          ],
          [
            2,
            113.77296840513621
          ],
          [
            3,
            189.62161400856033
          ],
          [
            4,
            265.4702596119845
          ],
          [
            5,
            341.3189052154086
          ]
        ]
      ],
      [
        [
          1,
          1
        ],
        [
          [
            1,
            32.07706454202238
          ],
          [
            2,
            96.23119362606714
          ],
          [
            3,
            160.38532271011186
          ],
          [
            4,
            224.53945179415663
          ],
          [
            5,
            288.6935808782014
          ]
        ]
      ],
      [
        [
          1,
          2
        ],
        [
          [
            1,
            27.79202671515406
          ],
          [
            2,
            83.37608014546218
          ],
          [
            3,
            138.9601335757703
          ],
          [
            4,
            194.5441870060784
          ],
          [
            5,
            250.1282404363865
          ]
        ]
      ],
      [
        [
          1,
          3
        ],
        [
          [
            1,
            24.516916696717487
          ],
          [
            2,
            73.55075009015246
          ],
          [
            3,
            122.58458348358742
          ],
          [
            4,
            171.6184168770224
          ],
          [
            5,
            220.6522502704574
          ]
        ]
      ],
      [
        [
          1,
          4
        ],
        [
          [
            1,
            21.93233350248393
          ],
          [
            2,
            65.7970005074518
          ],
          [
            3,
            109.66166751241965
          ],
          [
            4,
            153.5263345173875
          ],
          [
            5,
            197.39100152235537
          ]
        ]
      ]
    ]
  ],
  [
    [
      800.0,
      1280.0
    ],
    [
      [
        [
          0,
          0
        ],
        [
          [
            1,
            354.46875000000006
          ],
          [
            2,
            1063.4062500000002
          ],
          [
            3,
            1772.34375
          ],
          [
            4,
            2481.2812500000005
          ],
          [
            5,
            3190.2187500000005
          ]
        ]
      ],
      [
        [
          0,
          1
        ],
        [
          [
            1,
            133.98374697042155
          ],
          [
            2,
            401.9512409112647
          ],
          [
            3,
            669.9187348521077
          ],
          [
            4,
            937.8862287929509
          ],
          [
            5,
            1205.853722733794
          ]
        ]
      ],
      [
        [
          0,
          2
        ],
        [
          [
            1,
            82.60325471165041
          ],
          [
            2,
            247.80976413495125
          ],
          [
            3,
            413.01627355825207
          ],
          [
            4,
            578.2227829815529
          ],
          [
            5,
            743.4292924048538
          ]
        ]
      ],
      [
        [
          0,
          3
        ],
        [
          [
            1,
            59.70673536730407
          ],
          [
            2,
            179.12020610191223
          ],
          [
            3,
            298.5336768365203
          ],
          [
            4,
            417.9471475711285
          ],
          [
            5,
            537.3606183057366
          ]
        ]
      ],
      [
        [
          0,
          4
        ],
        [
          [
            1,
            46.748637271286974
          ],
          [
            2,
            140.2459118138609
          ],
          [
            3,
            233.74318635643485
          ],
          [
            4,
            327.2404608990088
          ],
          [
            5,
            420.73773544158274
          ]
        ]
      ],
      [
        [
          1,
          0
        ],
        [
          [
            1,
            35.34772342517292
          ],
          [
            2,
            106.04317027551876
          ],
          [
            3,
            176.73861712586458
          ],
          [
            4,
            247.43406397621044
          ],
          [
            5,
            318.12951082655627
          ]
        ]
      ],
      [
        [
          1,
          1
        ],
        [
          [
            1,
            30.364833096086958
          ],
          [
            2,
            91.09449928826088
          ],
          [
            3,
            151.8241654804348
          ],
          [
            4,
            212.5538316726087
          ],
          [
            5,
            273.28349786478265
          ]
        ]
      ],
      [
        [
          1,
          2
        ],
        [
          [
            1,
            26.61322559264738
          ],
          [
            2,
            79.83967677794216
          ],
          [
            3,
            133.0661279632369
          ],
          [
            4,
            186.29257914853167
          ],
          [
            5,
            239.51903033382644
          ]
        ]
      ],
      [
        [
          1,
          3
        ],
        [
          [
            1,
            23.686707612764934
          ],
          [
            2,
            71.0601228382948
          ],
          [
            3,
            118.43353806382466
          ],
          [
            4,
            165.80695328935454
          ],
          [
            5,
            213.1803685148844
          ]
        ]
      ],
      [
        [
          1,
          4
        ],
        [
          [
            1,
            21.340052993276693
          ],
          [
            2,
            64.02015897983009
          ],
          [
            3,
            106.70026496638347
          ],
          [
            4,
            149.38037095293686
          ],
          [
            5,
            192.06047693949023
          ]
        ]
      ]
    ]
  ]
]
