---
source: shared/src/app/instrument/config.rs
expression: config
---
portrait: false
width: 3840
height: 1080
breadth: 360
length: 3696
whitespace: 42
groups: 10
buttons_group: 2
button_size: 21
button_track_margin: 0.2
safe_area:
  - 50
  - 20
  - 10
  - 25
f0: 125.59783
sample_rate_hz: 96000
channels: 2

