---
source: shared/src/app/instrument/config.rs
expression: config
---
portrait: false
width: 3840
height: 2160
breadth: 720
length: 3472
whitespace: 154
groups: 1
buttons_group: 5
button_size: 77
button_track_margin: 0.2
safe_area:
  - 50
  - 20
  - 10
  - 25
f0: 120.944435
sample_rate_hz: 96000
channels: 1

