---
source: shared/src/app/instrument/config.rs
expression: config
---
portrait: false
width: 2224
height: 1668
breadth: 556
length: 1772
whitespace: 196
groups: 1
buttons_group: 2
button_size: 98
button_track_margin: 0.2
safe_area:
  - 50
  - 20
  - 10
  - 25
f0: 205.73105
sample_rate_hz: 96000
channels: 1

