---
source: shared/src/app/instrument/config.rs
expression: config
---
portrait: false
width: 2732
height: 2048
breadth: 682.6666666666666
length: 1416
whitespace: 628
groups: 1
buttons_group: 2
button_size: 314
button_track_margin: 0.2
safe_area:
  - 50
  - 20
  - 10
  - 25
f0: 167.5174
sample_rate_hz: 96000
channels: 1

