---
source: shared/src/app/instrument/config.rs
expression: config
---
portrait: false
width: 1920
height: 1080
breadth: 360
length: 1692
whitespace: 84
groups: 3
buttons_group: 2
button_size: 42
button_track_margin: 0.2
safe_area:
  - 50
  - 20
  - 10
  - 25
f0: 165.93439
sample_rate_hz: 96000
channels: 2

