---
source: shared/src/app/instrument/config.rs
expression: config
---
portrait: false
width: 1280
height: 720
breadth: 240
length: 1124
whitespace: 48
groups: 1
buttons_group: 3
button_size: 24
button_track_margin: 0.2
safe_area:
  - 50
  - 20
  - 10
  - 25
f0: 114.66763
sample_rate_hz: 96000
channels: 1

